Archive member included to satisfy reference by file (symbol)

c:/st/stm32cubeide_1.12.0/stm32cubeide/plugins/com.st.stm32cube.ide.mcu.externaltools.gnu-tools-for-stm32.10.3-2021.10.win32_1.0.200.202301161003/tools/bin/../lib/gcc/arm-none-eabi/10.3.1/../../../../arm-none-eabi/lib/thumb/v7e-m+fp/hard\libc_nano.a(lib_a-errno.o)
                              ./Core/Src/syscalls.o (__errno)
c:/st/stm32cubeide_1.12.0/stm32cubeide/plugins/com.st.stm32cube.ide.mcu.externaltools.gnu-tools-for-stm32.10.3-2021.10.win32_1.0.200.202301161003/tools/bin/../lib/gcc/arm-none-eabi/10.3.1/../../../../arm-none-eabi/lib/thumb/v7e-m+fp/hard\libc_nano.a(lib_a-exit.o)
                              c:/st/stm32cubeide_1.12.0/stm32cubeide/plugins/com.st.stm32cube.ide.mcu.externaltools.gnu-tools-for-stm32.10.3-2021.10.win32_1.0.200.202301161003/tools/bin/../lib/gcc/arm-none-eabi/10.3.1/../../../../arm-none-eabi/lib/thumb/v7e-m+fp/hard/crt0.o (exit)
c:/st/stm32cubeide_1.12.0/stm32cubeide/plugins/com.st.stm32cube.ide.mcu.externaltools.gnu-tools-for-stm32.10.3-2021.10.win32_1.0.200.202301161003/tools/bin/../lib/gcc/arm-none-eabi/10.3.1/../../../../arm-none-eabi/lib/thumb/v7e-m+fp/hard\libc_nano.a(lib_a-impure.o)
                              c:/st/stm32cubeide_1.12.0/stm32cubeide/plugins/com.st.stm32cube.ide.mcu.externaltools.gnu-tools-for-stm32.10.3-2021.10.win32_1.0.200.202301161003/tools/bin/../lib/gcc/arm-none-eabi/10.3.1/../../../../arm-none-eabi/lib/thumb/v7e-m+fp/hard\libc_nano.a(lib_a-exit.o) (_global_impure_ptr)
c:/st/stm32cubeide_1.12.0/stm32cubeide/plugins/com.st.stm32cube.ide.mcu.externaltools.gnu-tools-for-stm32.10.3-2021.10.win32_1.0.200.202301161003/tools/bin/../lib/gcc/arm-none-eabi/10.3.1/../../../../arm-none-eabi/lib/thumb/v7e-m+fp/hard\libc_nano.a(lib_a-init.o)
                              c:/st/stm32cubeide_1.12.0/stm32cubeide/plugins/com.st.stm32cube.ide.mcu.externaltools.gnu-tools-for-stm32.10.3-2021.10.win32_1.0.200.202301161003/tools/bin/../lib/gcc/arm-none-eabi/10.3.1/../../../../arm-none-eabi/lib/thumb/v7e-m+fp/hard/crt0.o (__libc_init_array)
c:/st/stm32cubeide_1.12.0/stm32cubeide/plugins/com.st.stm32cube.ide.mcu.externaltools.gnu-tools-for-stm32.10.3-2021.10.win32_1.0.200.202301161003/tools/bin/../lib/gcc/arm-none-eabi/10.3.1/../../../../arm-none-eabi/lib/thumb/v7e-m+fp/hard\libc_nano.a(lib_a-memset.o)
                              c:/st/stm32cubeide_1.12.0/stm32cubeide/plugins/com.st.stm32cube.ide.mcu.externaltools.gnu-tools-for-stm32.10.3-2021.10.win32_1.0.200.202301161003/tools/bin/../lib/gcc/arm-none-eabi/10.3.1/../../../../arm-none-eabi/lib/thumb/v7e-m+fp/hard/crt0.o (memset)
c:/st/stm32cubeide_1.12.0/stm32cubeide/plugins/com.st.stm32cube.ide.mcu.externaltools.gnu-tools-for-stm32.10.3-2021.10.win32_1.0.200.202301161003/tools/bin/../lib/gcc/arm-none-eabi/10.3.1/../../../../arm-none-eabi/lib/thumb/v7e-m+fp/hard\libc_nano.a(lib_a-sprintf.o)
                              ./Core/Src/main.o (sprintf)
c:/st/stm32cubeide_1.12.0/stm32cubeide/plugins/com.st.stm32cube.ide.mcu.externaltools.gnu-tools-for-stm32.10.3-2021.10.win32_1.0.200.202301161003/tools/bin/../lib/gcc/arm-none-eabi/10.3.1/../../../../arm-none-eabi/lib/thumb/v7e-m+fp/hard\libc_nano.a(lib_a-nano-svfprintf.o)
                              c:/st/stm32cubeide_1.12.0/stm32cubeide/plugins/com.st.stm32cube.ide.mcu.externaltools.gnu-tools-for-stm32.10.3-2021.10.win32_1.0.200.202301161003/tools/bin/../lib/gcc/arm-none-eabi/10.3.1/../../../../arm-none-eabi/lib/thumb/v7e-m+fp/hard\libc_nano.a(lib_a-sprintf.o) (_svfprintf_r)
c:/st/stm32cubeide_1.12.0/stm32cubeide/plugins/com.st.stm32cube.ide.mcu.externaltools.gnu-tools-for-stm32.10.3-2021.10.win32_1.0.200.202301161003/tools/bin/../lib/gcc/arm-none-eabi/10.3.1/../../../../arm-none-eabi/lib/thumb/v7e-m+fp/hard\libc_nano.a(lib_a-nano-vfprintf_i.o)
                              c:/st/stm32cubeide_1.12.0/stm32cubeide/plugins/com.st.stm32cube.ide.mcu.externaltools.gnu-tools-for-stm32.10.3-2021.10.win32_1.0.200.202301161003/tools/bin/../lib/gcc/arm-none-eabi/10.3.1/../../../../arm-none-eabi/lib/thumb/v7e-m+fp/hard\libc_nano.a(lib_a-nano-svfprintf.o) (_printf_i)
c:/st/stm32cubeide_1.12.0/stm32cubeide/plugins/com.st.stm32cube.ide.mcu.externaltools.gnu-tools-for-stm32.10.3-2021.10.win32_1.0.200.202301161003/tools/bin/../lib/gcc/arm-none-eabi/10.3.1/../../../../arm-none-eabi/lib/thumb/v7e-m+fp/hard\libc_nano.a(lib_a-memchr.o)
                              c:/st/stm32cubeide_1.12.0/stm32cubeide/plugins/com.st.stm32cube.ide.mcu.externaltools.gnu-tools-for-stm32.10.3-2021.10.win32_1.0.200.202301161003/tools/bin/../lib/gcc/arm-none-eabi/10.3.1/../../../../arm-none-eabi/lib/thumb/v7e-m+fp/hard\libc_nano.a(lib_a-nano-svfprintf.o) (memchr)
c:/st/stm32cubeide_1.12.0/stm32cubeide/plugins/com.st.stm32cube.ide.mcu.externaltools.gnu-tools-for-stm32.10.3-2021.10.win32_1.0.200.202301161003/tools/bin/../lib/gcc/arm-none-eabi/10.3.1/../../../../arm-none-eabi/lib/thumb/v7e-m+fp/hard\libc_nano.a(lib_a-memcpy-stub.o)
[...]
Memory Configuration

Name             Origin             Length             Attributes
CCMRAM           0x0000000010000000 0x0000000000010000 xrw
RAM              0x0000000020000000 0x0000000000020000 xrw
FLASH            0x0000000008000000 0x0000000000100000 xr
*default*        0x0000000000000000 0xffffffffffffffff

Linker script and memory map

LOAD c:/st/stm32cubeide_1.12.0/stm32cubeide/plugins/com.st.stm32cube.ide.mcu.externaltools.gnu-tools-for-stm32.10.3-2021.10.win32_1.0.200.202301161003/tools/bin/../lib/gcc/arm-none-eabi/10.3.1/thumb/v7e-m+fp/hard/crti.o
LOAD c:/st/stm32cubeide_1.12.0/stm32cubeide/plugins/com.st.stm32cube.ide.mcu.externaltools.gnu-tools-for-stm32.10.3-2021.10.win32_1.0.200.202301161003/tools/bin/../lib/gcc/arm-none-eabi/10.3.1/thumb/v7e-m+fp/hard/crtbegin.o
LOAD c:/st/stm32cubeide_1.12.0/stm32cubeide/plugins/com.st.stm32cube.ide.mcu.externaltools.gnu-tools-for-stm32.10.3-2021.10.win32_1.0.200.202301161003/tools/bin/../lib/gcc/arm-none-eabi/10.3.1/../../../../arm-none-eabi/lib/thumb/v7e-m+fp/hard/crt0.o
LOAD ./Core/Src/DWT_Delay.o
LOAD ./Core/Src/LCD16x2.o
LOAD ./Core/Src/LCD16x2_cfg.o
LOAD ./Core/Src/adc.o
LOAD ./Core/Src/gpio.o
LOAD ./Core/Src/main.o
LOAD ./Core/Src/nrf24.o
LOAD ./Core/Src/nrf24_hal.o
LOAD ./Core/Src/spi.o
LOAD ./Core/Src/stm32f4xx_hal_msp.o
LOAD ./Core/Src/stm32f4xx_it.o
LOAD ./Core/Src/syscalls.o
LOAD ./Core/Src/sysmem.o
LOAD ./Core/Src/system_stm32f4xx.o
LOAD ./Core/Startup/startup_stm32f407vgtx.o
LOAD ./Drivers/STM32F4xx_HAL_Driver/Src/stm32f4xx_hal.o
LOAD ./Drivers/STM32F4xx_HAL_Driver/Src/stm32f4xx_hal_adc.o
LOAD ./Drivers/STM32F4xx_HAL_Driver/Src/stm32f4xx_hal_adc_ex.o
LOAD ./Drivers/STM32F4xx_HAL_Driver/Src/stm32f4xx_hal_cortex.o
LOAD ./Drivers/STM32F4xx_HAL_Driver/Src/stm32f4xx_hal_dma.o
LOAD ./Drivers/STM32F4xx_HAL_Driver/Src/stm32f4xx_hal_dma_ex.o
LOAD ./Drivers/STM32F4xx_HAL_Driver/Src/stm32f4xx_hal_exti.o
LOAD ./Drivers/STM32F4xx_HAL_Driver/Src/stm32f4xx_hal_flash.o
LOAD ./Drivers/STM32F4xx_HAL_Driver/Src/stm32f4xx_hal_flash_ex.o
LOAD ./Drivers/STM32F4xx_HAL_Driver/Src/stm32f4xx_hal_flash_ramfunc.o
LOAD ./Drivers/STM32F4xx_HAL_Driver/Src/stm32f4xx_hal_gpio.o
LOAD ./Drivers/STM32F4xx_HAL_Driver/Src/stm32f4xx_hal_pwr.o
LOAD ./Drivers/STM32F4xx_HAL_Driver/Src/stm32f4xx_hal_pwr_ex.o
LOAD ./Drivers/STM32F4xx_HAL_Driver/Src/stm32f4xx_hal_rcc.o
LOAD ./Drivers/STM32F4xx_HAL_Driver/Src/stm32f4xx_hal_rcc_ex.o
LOAD ./Drivers/STM32F4xx_HAL_Driver/Src/stm32f4xx_hal_spi.o
LOAD ./Drivers/STM32F4xx_HAL_Driver/Src/stm32f4xx_hal_tim.o
LOAD ./Drivers/STM32F4xx_HAL_Driver/Src/stm32f4xx_hal_tim_ex.o
LOAD ./Drivers/STM32F4xx_HAL_Driver/Src/stm32f4xx_ll_adc.o
START GROUP
LOAD c:/st/stm32cubeide_1.12.0/stm32cubeide/plugins/com.st.stm32cube.ide.mcu.externaltools.gnu-tools-for-stm32.10.3-2021.10.win32_1.0.200.202301161003/tools/bin/../lib/gcc/arm-none-eabi/10.3.1/../../../../arm-none-eabi/lib/thumb/v7e-m+fp/hard\libc_nano.a
LOAD c:/st/stm32cubeide_1.12.0/stm32cubeide/plugins/com.st.stm32cube.ide.mcu.externaltools.gnu-tools-for-stm32.10.3-2021.10.win32_1.0.200.202301161003/tools/bin/../lib/gcc/arm-none-eabi/10.3.1/../../../../arm-none-eabi/lib/thumb/v7e-m+fp/hard\libm.a
END GROUP
START GROUP
LOAD c:/st/stm32cubeide_1.12.0/stm32cubeide/plugins/com.st.stm32cube.ide.mcu.externaltools.gnu-tools-for-stm32.10.3-2021.10.win32_1.0.200.202301161003/tools/bin/../lib/gcc/arm-none-eabi/10.3.1/thumb/v7e-m+fp/hard\libgcc.a
LOAD c:/st/stm32cubeide_1.12.0/stm32cubeide/plugins/com.st.stm32cube.ide.mcu.externaltools.gnu-tools-for-stm32.10.3-2021.10.win32_1.0.200.202301161003/tools/bin/../lib/gcc/arm-none-eabi/10.3.1/../../../../arm-none-eabi/lib/thumb/v7e-m+fp/hard\libc_nano.a
END GROUP
START GROUP
LOAD c:/st/stm32cubeide_1.12.0/stm32cubeide/plugins/com.st.stm32cube.ide.mcu.externaltools.gnu-tools-for-stm32.10.3-2021.10.win32_1.0.200.202301161003/tools/bin/../lib/gcc/arm-none-eabi/10.3.1/thumb/v7e-m+fp/hard\libgcc.a
LOAD c:/st/stm32cubeide_1.12.0/stm32cubeide/plugins/com.st.stm32cube.ide.mcu.externaltools.gnu-tools-for-stm32.10.3-2021.10.win32_1.0.200.202301161003/tools/bin/../lib/gcc/arm-none-eabi/10.3.1/../../../../arm-none-eabi/lib/thumb/v7e-m+fp/hard\libc_nano.a
LOAD c:/st/stm32cubeide_1.12.0/stm32cubeide/plugins/com.st.stm32cube.ide.mcu.externaltools.gnu-tools-for-stm32.10.3-2021.10.win32_1.0.200.202301161003/tools/bin/../lib/gcc/arm-none-eabi/10.3.1/../../../../arm-none-eabi/lib/thumb/v7e-m+fp/hard\libnosys.a
END GROUP
START GROUP
LOAD c:/st/stm32cubeide_1.12.0/stm32cubeide/plugins/com.st.stm32cube.ide.mcu.externaltools.gnu-tools-for-stm32.10.3-2021.10.win32_1.0.200.202301161003/tools/bin/../lib/gcc/arm-none-eabi/10.3.1/thumb/v7e-m+fp/hard\libgcc.a
LOAD c:/st/stm32cubeide_1.12.0/stm32cubeide/plugins/com.st.stm32cube.ide.mcu.externaltools.gnu-tools-for-stm32.10.3-2021.10.win32_1.0.200.202301161003/tools/bin/../lib/gcc/arm-none-eabi/10.3.1/../../../../arm-none-eabi/lib/thumb/v7e-m+fp/hard\libc_nano.a
LOAD c:/st/stm32cubeide_1.12.0/stm32cubeide/plugins/com.st.stm32cube.ide.mcu.externaltools.gnu-tools-for-stm32.10.3-2021.10.win32_1.0.200.202301161003/tools/bin/../lib/gcc/arm-none-eabi/10.3.1/../../../../arm-none-eabi/lib/thumb/v7e-m+fp/hard\libnosys.a
END GROUP
LOAD c:/st/stm32cubeide_1.12.0/stm32cubeide/plugins/com.st.stm32cube.ide.mcu.externaltools.gnu-tools-for-stm32.10.3-2021.10.win32_1.0.200.202301161003/tools/bin/../lib/gcc/arm-none-eabi/10.3.1/thumb/v7e-m+fp/hard/crtend.o
LOAD c:/st/stm32cubeide_1.12.0/stm32cubeide/plugins/com.st.stm32cube.ide.mcu.externaltools.gnu-tools-for-stm32.10.3-2021.10.win32_1.0.200.202301161003/tools/bin/../lib/gcc/arm-none-eabi/10.3.1/thumb/v7e-m+fp/hard/crtn.o
                0x0000000020020000                _estack = (ORIGIN (RAM) + LENGTH (RAM))
                0x0000000000000200                _Min_Heap_Size = 0x200
                0x0000000000000400                _Min_Stack_Size = 0x400

.isr_vector     0x0000000008000000      0x188
                0x0000000008000000                . = ALIGN (0x4)
 *(.isr_vector)
 .isr_vector    0x0000000008000000      0x188 ./Core/Startup/startup_stm32f407vgtx.o
                0x0000000008000000                g_pfnVectors
                0x0000000008000188                . = ALIGN (0x4)

.text           0x0000000008000190     0x3f7c
                0x0000000008000190                . = ALIGN (0x4)
 *(.text)
 .text          0x0000000008000190       0x40 c:/st/stm32cubeide_1.12.0/stm32cubeide/plugins/com.st.stm32cube.ide.mcu.externaltools.gnu-tools-for-stm32.10.3-2021.10.win32_1.0.200.202301161003/tools/bin/../lib/gcc/arm-none-eabi/10.3.1/thumb/v7e-m+fp/hard/crtbegin.o
 .text          0x00000000080001d0       0xa0 c:/st/stm32cubeide_1.12.0/stm32cubeide/plugins/com.st.stm32cube.ide.mcu.externaltools.gnu-tools-for-stm32.10.3-2021.10.win32_1.0.200.202301161003/tools/bin/../lib/gcc/arm-none-eabi/10.3.1/../../../../arm-none-eabi/lib/thumb/v7e-m+fp/hard\libc_nano.a(lib_a-memchr.o)
                0x00000000080001d0                memchr
 .text          0x0000000008000270       0x30 c:/st/stm32cubeide_1.12.0/stm32cubeide/plugins/com.st.stm32cube.ide.mcu.externaltools.gnu-tools-for-stm32.10.3-2021.10.win32_1.0.200.202301161003/tools/bin/../lib/gcc/arm-none-eabi/10.3.1/thumb/v7e-m+fp/hard\libgcc.a(_aeabi_uldivmod.o)
                0x0000000008000270                __aeabi_uldivmod
 .text          0x00000000080002a0      0x2d0 c:/st/stm32cubeide_1.12.0/stm32cubeide/plugins/com.st.stm32cube.ide.mcu.externaltools.gnu-tools-for-stm32.10.3-2021.10.win32_1.0.200.202301161003/tools/bin/../lib/gcc/arm-none-eabi/10.3.1/thumb/v7e-m+fp/hard\libgcc.a(_udivmoddi4.o)
                0x00000000080002a0                __udivmoddi4
 .text          0x0000000008000570        0x4 c:/st/stm32cubeide_1.12.0/stm32cubeide/plugins/com.st.stm32cube.ide.mcu.externaltools.gnu-tools-for-stm32.10.3-2021.10.win32_1.0.200.202301161003/tools/bin/../lib/gcc/arm-none-eabi/10.3.1/thumb/v7e-m+fp/hard\libgcc.a(_dvmd_tls.o)
                0x0000000008000570                __aeabi_idiv0
                0x0000000008000570                __aeabi_ldiv0
 *(.text*)
 .text.DWT_Delay_Init
                0x0000000008000574       0x60 ./Core/Src/DWT_Delay.o
                0x0000000008000574                DWT_Delay_Init
 .text.DWT_Delay_us
                0x00000000080005d4       0x50 ./Core/Src/LCD16x2.o
 .text.DWT_Delay_ms
                0x0000000008000624       0x4c ./Core/Src/LCD16x2.o
 .text.LCD_DATA
                0x0000000008000670       0xc8 ./Core/Src/LCD16x2.o
                0x0000000008000670                LCD_DATA
 .text.LCD_CMD  0x0000000008000738       0x64 ./Core/Src/LCD16x2.o
                0x0000000008000738                LCD_CMD
 .text.LCD_Clear
                0x000000000800079c       0x1a ./Core/Src/LCD16x2.o
                0x000000000800079c                LCD_Clear
 .text.LCD_Set_Cursor
                0x00000000080007b6       0x72 ./Core/Src/LCD16x2.o
                0x00000000080007b6                LCD_Set_Cursor
 .text.LCD_Init
                0x0000000008000828      0x204 ./Core/Src/LCD16x2.o
                0x0000000008000828                LCD_Init
 .text.LCD_Write_Char
                0x0000000008000a2c       0xb4 ./Core/Src/LCD16x2.o
                0x0000000008000a2c                LCD_Write_Char
 .text.LCD_Write_String
                0x0000000008000ae0       0x38 ./Core/Src/LCD16x2.o
                0x0000000008000ae0                LCD_Write_String
 .text.MX_ADC1_Init
                0x0000000008000b18       0xa4 ./Core/Src/adc.o
                0x0000000008000b18                MX_ADC1_Init
 .text.HAL_ADC_MspInit
                0x0000000008000bbc       0x88 ./Core/Src/adc.o
                0x0000000008000bbc                HAL_ADC_MspInit
 .text.MX_GPIO_Init
                0x0000000008000c44      0x134 ./Core/Src/gpio.o
                0x0000000008000c44                MX_GPIO_Init
 .text.main     0x0000000008000d78      0x13c ./Core/Src/main.o
                0x0000000008000d78                main
 .text.SystemClock_Config
                0x0000000008000eb4       0xd0 ./Core/Src/main.o
                0x0000000008000eb4                SystemClock_Config
 .text.Error_Handler
                0x0000000008000f84        0xa ./Core/Src/main.o
                0x0000000008000f84                Error_Handler
 *fill*         0x0000000008000f8e        0x2 
 .text.nRF24_ReadReg
                0x0000000008000f90       0x44 ./Core/Src/nrf24.o
 .text.nRF24_WriteReg
                0x0000000008000fd4       0x80 ./Core/Src/nrf24.o
 .text.nRF24_WriteMBReg
                0x0000000008001054       0x54 ./Core/Src/nrf24.o
 .text.nRF24_SetPowerMode
                0x00000000080010a8       0x3e ./Core/Src/nrf24.o
                0x00000000080010a8                nRF24_SetPowerMode
 .text.nRF24_SetOperationalMode
                0x00000000080010e6       0x42 ./Core/Src/nrf24.o
                0x00000000080010e6                nRF24_SetOperationalMode
 .text.nRF24_SetCRCScheme
                0x0000000008001128       0x42 ./Core/Src/nrf24.o
                0x0000000008001128                nRF24_SetCRCScheme
 .text.nRF24_SetRFChannel
                0x000000000800116a       0x1c ./Core/Src/nrf24.o
                0x000000000800116a                nRF24_SetRFChannel
 .text.nRF24_SetAutoRetr
                0x0000000008001186       0x36 ./Core/Src/nrf24.o
                0x0000000008001186                nRF24_SetAutoRetr
 .text.nRF24_SetAddrWidth
                0x00000000080011bc       0x20 ./Core/Src/nrf24.o
                0x00000000080011bc                nRF24_SetAddrWidth
 .text.nRF24_SetAddr
                0x00000000080011dc       0x6c ./Core/Src/nrf24.o
                0x00000000080011dc                nRF24_SetAddr
 .text.nRF24_SetTXPower
                0x0000000008001248       0x36 ./Core/Src/nrf24.o
                0x0000000008001248                nRF24_SetTXPower
 .text.nRF24_SetDataRate
                0x000000000800127e       0x36 ./Core/Src/nrf24.o
                0x000000000800127e                nRF24_SetDataRate
 .text.nRF24_EnableAA
                0x00000000080012b4       0x36 ./Core/Src/nrf24.o
                0x00000000080012b4                nRF24_EnableAA
 .text.nRF24_GetAddrWidth
                0x00000000080012ea       0x14 ./Core/Src/nrf24.o
                0x00000000080012ea                nRF24_GetAddrWidth
 *fill*         0x00000000080012fe        0x2 
 .text.nRF24_LL_RW
                0x0000000008001300       0x4c ./Core/Src/nrf24_hal.o
                0x0000000008001300                nRF24_LL_RW
 .text.MX_SPI1_Init
                0x000000000800134c       0x6c ./Core/Src/spi.o
                0x000000000800134c                MX_SPI1_Init
 .text.HAL_SPI_MspInit
                0x00000000080013b8       0x90 ./Core/Src/spi.o
                0x00000000080013b8                HAL_SPI_MspInit
 .text.HAL_MspInit
                0x0000000008001448       0x50 ./Core/Src/stm32f4xx_hal_msp.o
                0x0000000008001448                HAL_MspInit
 .text.NMI_Handler
                0x0000000008001498        0x6 ./Core/Src/stm32f4xx_it.o
                0x0000000008001498                NMI_Handler
 .text.HardFault_Handler
                0x000000000800149e        0x6 ./Core/Src/stm32f4xx_it.o
                0x000000000800149e                HardFault_Handler
 .text.MemManage_Handler
                0x00000000080014a4        0x6 ./Core/Src/stm32f4xx_it.o
                0x00000000080014a4                MemManage_Handler
 .text.BusFault_Handler
                0x00000000080014aa        0x6 ./Core/Src/stm32f4xx_it.o
                0x00000000080014aa                BusFault_Handler
 .text.UsageFault_Handler
                0x00000000080014b0        0x6 ./Core/Src/stm32f4xx_it.o
                0x00000000080014b0                UsageFault_Handler
 .text.SVC_Handler
                0x00000000080014b6        0xe ./Core/Src/stm32f4xx_it.o
                0x00000000080014b6                SVC_Handler
 .text.DebugMon_Handler
                0x00000000080014c4        0xe ./Core/Src/stm32f4xx_it.o
                0x00000000080014c4                DebugMon_Handler
 .text.PendSV_Handler
                0x00000000080014d2        0xe ./Core/Src/stm32f4xx_it.o
                0x00000000080014d2                PendSV_Handler
 .text.SysTick_Handler
                0x00000000080014e0        0xc ./Core/Src/stm32f4xx_it.o
                0x00000000080014e0                SysTick_Handler
 .text._sbrk    0x00000000080014ec       0x6c ./Core/Src/sysmem.o
                0x00000000080014ec                _sbrk
 .text.SystemInit
                0x0000000008001558       0x24 ./Core/Src/system_stm32f4xx.o
                0x0000000008001558                SystemInit
 .text.Reset_Handler
                0x000000000800157c       0x50 ./Core/Startup/startup_stm32f407vgtx.o
                0x000000000800157c                Reset_Handler
 .text.Default_Handler
                0x00000000080015cc        0x2 ./Core/Startup/startup_stm32f407vgtx.o
                0x00000000080015cc                RTC_Alarm_IRQHandler
                0x00000000080015cc                HASH_RNG_IRQHandler
                0x00000000080015cc                EXTI2_IRQHandler
                0x00000000080015cc                TIM8_CC_IRQHandler
                0x00000000080015cc                TIM1_CC_IRQHandler
                0x00000000080015cc                DMA2_Stream5_IRQHandler
                0x00000000080015cc                DMA1_Stream5_IRQHandler
                0x00000000080015cc                PVD_IRQHandler
                0x00000000080015cc                SDIO_IRQHandler
                0x00000000080015cc                TAMP_STAMP_IRQHandler
                0x00000000080015cc                CAN2_RX1_IRQHandler
                0x00000000080015cc                EXTI3_IRQHandler
                0x00000000080015cc                TIM8_TRG_COM_TIM14_IRQHandler
                0x00000000080015cc                TIM1_UP_TIM10_IRQHandler
                0x00000000080015cc                TIM8_UP_TIM13_IRQHandler
                0x00000000080015cc                I2C3_ER_IRQHandler
                0x00000000080015cc                EXTI0_IRQHandler
                0x00000000080015cc                I2C2_EV_IRQHandler
                0x00000000080015cc                DMA1_Stream2_IRQHandler
                0x00000000080015cc                CAN1_RX0_IRQHandler
                0x00000000080015cc                FPU_IRQHandler
                0x00000000080015cc                OTG_HS_WKUP_IRQHandler
                0x00000000080015cc                CAN2_SCE_IRQHandler
                0x00000000080015cc                DMA2_Stream2_IRQHandler
                0x00000000080015cc                SPI1_IRQHandler
                0x00000000080015cc                TIM6_DAC_IRQHandler
                0x00000000080015cc                TIM1_BRK_TIM9_IRQHandler
                0x00000000080015cc                DCMI_IRQHandler
                0x00000000080015cc                CAN2_RX0_IRQHandler
                0x00000000080015cc                DMA2_Stream3_IRQHandler
                0x00000000080015cc                USART6_IRQHandler
                0x00000000080015cc                USART3_IRQHandler
                0x00000000080015cc                CAN1_RX1_IRQHandler
                0x00000000080015cc                UART5_IRQHandler
                0x00000000080015cc                DMA2_Stream0_IRQHandler
                0x00000000080015cc                TIM4_IRQHandler
                0x00000000080015cc                I2C1_EV_IRQHandler
                0x00000000080015cc                DMA1_Stream6_IRQHandler
                0x00000000080015cc                DMA1_Stream1_IRQHandler
                0x00000000080015cc                UART4_IRQHandler
                0x00000000080015cc                TIM3_IRQHandler
                0x00000000080015cc                RCC_IRQHandler
                0x00000000080015cc                TIM8_BRK_TIM12_IRQHandler
                0x00000000080015cc                Default_Handler
                0x00000000080015cc                EXTI15_10_IRQHandler
                0x00000000080015cc                ADC_IRQHandler
                0x00000000080015cc                DMA1_Stream7_IRQHandler
                0x00000000080015cc                TIM7_IRQHandler
                0x00000000080015cc                CAN2_TX_IRQHandler
                0x00000000080015cc                TIM5_IRQHandler
                0x00000000080015cc                DMA2_Stream7_IRQHandler
                0x00000000080015cc                I2C3_EV_IRQHandler
                0x00000000080015cc                EXTI9_5_IRQHandler
                0x00000000080015cc                RTC_WKUP_IRQHandler
                0x00000000080015cc                ETH_WKUP_IRQHandler
                0x00000000080015cc                SPI2_IRQHandler
                0x00000000080015cc                OTG_HS_EP1_IN_IRQHandler
                0x00000000080015cc                DMA1_Stream0_IRQHandler
                0x00000000080015cc                CAN1_TX_IRQHandler
                0x00000000080015cc                EXTI4_IRQHandler
                0x00000000080015cc                FSMC_IRQHandler
                0x00000000080015cc                ETH_IRQHandler
                0x00000000080015cc                OTG_HS_EP1_OUT_IRQHandler
                0x00000000080015cc                WWDG_IRQHandler
                0x00000000080015cc                TIM2_IRQHandler
                0x00000000080015cc                OTG_FS_WKUP_IRQHandler
                0x00000000080015cc                TIM1_TRG_COM_TIM11_IRQHandler
                0x00000000080015cc                OTG_HS_IRQHandler
                0x00000000080015cc                EXTI1_IRQHandler
                0x00000000080015cc                USART2_IRQHandler
                0x00000000080015cc                I2C2_ER_IRQHandler
                0x00000000080015cc                DMA2_Stream1_IRQHandler
                0x00000000080015cc                CAN1_SCE_IRQHandler
                0x00000000080015cc                FLASH_IRQHandler
                0x00000000080015cc                DMA2_Stream4_IRQHandler
                0x00000000080015cc                USART1_IRQHandler
                0x00000000080015cc                OTG_FS_IRQHandler
                0x00000000080015cc                SPI3_IRQHandler
                0x00000000080015cc                DMA1_Stream4_IRQHandler
                0x00000000080015cc                I2C1_ER_IRQHandler
                0x00000000080015cc                DMA2_Stream6_IRQHandler
                0x00000000080015cc                DMA1_Stream3_IRQHandler
 *fill*         0x00000000080015ce        0x2 
 .text.HAL_Init
                0x00000000080015d0       0x44 ./Drivers/STM32F4xx_HAL_Driver/Src/stm32f4xx_hal.o
                0x00000000080015d0                HAL_Init
 .text.HAL_InitTick
                0x0000000008001614       0x60 ./Drivers/STM32F4xx_HAL_Driver/Src/stm32f4xx_hal.o
                0x0000000008001614                HAL_InitTick
 .text.HAL_IncTick
                0x0000000008001674       0x28 ./Drivers/STM32F4xx_HAL_Driver/Src/stm32f4xx_hal.o
                0x0000000008001674                HAL_IncTick
 .text.HAL_GetTick
                0x000000000800169c       0x18 ./Drivers/STM32F4xx_HAL_Driver/Src/stm32f4xx_hal.o
                0x000000000800169c                HAL_GetTick
 .text.HAL_ADC_Init
                0x00000000080016b4       0x86 ./Drivers/STM32F4xx_HAL_Driver/Src/stm32f4xx_hal_adc.o
                0x00000000080016b4                HAL_ADC_Init
 *fill*         0x000000000800173a        0x2 
 .text.HAL_ADC_Start
                0x000000000800173c      0x1a4 ./Drivers/STM32F4xx_HAL_Driver/Src/stm32f4xx_hal_adc.o
                0x000000000800173c                HAL_ADC_Start
 .text.HAL_ADC_PollForConversion
                0x00000000080018e0      0x116 ./Drivers/STM32F4xx_HAL_Driver/Src/stm32f4xx_hal_adc.o
                0x00000000080018e0                HAL_ADC_PollForConversion
 .text.HAL_ADC_GetValue
                0x00000000080019f6       0x1a ./Drivers/STM32F4xx_HAL_Driver/Src/stm32f4xx_hal_adc.o
                0x00000000080019f6                HAL_ADC_GetValue
 .text.HAL_ADC_ConfigChannel
                0x0000000008001a10      0x244 ./Drivers/STM32F4xx_HAL_Driver/Src/stm32f4xx_hal_adc.o
                0x0000000008001a10                HAL_ADC_ConfigChannel
 .text.ADC_Init
                0x0000000008001c54      0x1f8 ./Drivers/STM32F4xx_HAL_Driver/Src/stm32f4xx_hal_adc.o
 .text.__NVIC_SetPriorityGrouping
                0x0000000008001e4c       0x48 ./Drivers/STM32F4xx_HAL_Driver/Src/stm32f4xx_hal_cortex.o
 .text.__NVIC_GetPriorityGrouping
                0x0000000008001e94       0x1c ./Drivers/STM32F4xx_HAL_Driver/Src/stm32f4xx_hal_cortex.o
 .text.__NVIC_SetPriority
                0x0000000008001eb0       0x54 ./Drivers/STM32F4xx_HAL_Driver/Src/stm32f4xx_hal_cortex.o
 .text.NVIC_EncodePriority
                0x0000000008001f04       0x66 ./Drivers/STM32F4xx_HAL_Driver/Src/stm32f4xx_hal_cortex.o
 *fill*         0x0000000008001f6a        0x2 
 .text.SysTick_Config
                0x0000000008001f6c       0x44 ./Drivers/STM32F4xx_HAL_Driver/Src/stm32f4xx_hal_cortex.o
 .text.HAL_NVIC_SetPriorityGrouping
                0x0000000008001fb0       0x16 ./Drivers/STM32F4xx_HAL_Driver/Src/stm32f4xx_hal_cortex.o
                0x0000000008001fb0                HAL_NVIC_SetPriorityGrouping
 .text.HAL_NVIC_SetPriority
                0x0000000008001fc6       0x38 ./Drivers/STM32F4xx_HAL_Driver/Src/stm32f4xx_hal_cortex.o
                0x0000000008001fc6                HAL_NVIC_SetPriority
 .text.HAL_SYSTICK_Config
                0x0000000008001ffe       0x18 ./Drivers/STM32F4xx_HAL_Driver/Src/stm32f4xx_hal_cortex.o
                0x0000000008001ffe                HAL_SYSTICK_Config
 *fill*         0x0000000008002016        0x2 
 .text.HAL_GPIO_Init
                0x0000000008002018      0x338 ./Drivers/STM32F4xx_HAL_Driver/Src/stm32f4xx_hal_gpio.o
                0x0000000008002018                HAL_GPIO_Init
 .text.HAL_GPIO_WritePin
                0x0000000008002350       0x32 ./Drivers/STM32F4xx_HAL_Driver/Src/stm32f4xx_hal_gpio.o
                0x0000000008002350                HAL_GPIO_WritePin
 *fill*         0x0000000008002382        0x2 
 .text.HAL_RCC_OscConfig
                0x0000000008002384      0x4f0 ./Drivers/STM32F4xx_HAL_Driver/Src/stm32f4xx_hal_rcc.o
                0x0000000008002384                HAL_RCC_OscConfig
 .text.HAL_RCC_ClockConfig
                0x0000000008002874      0x1cc ./Drivers/STM32F4xx_HAL_Driver/Src/stm32f4xx_hal_rcc.o
                0x0000000008002874                HAL_RCC_ClockConfig
 .text.HAL_RCC_GetSysClockFreq
                0x0000000008002a40      0x20c ./Drivers/STM32F4xx_HAL_Driver/Src/stm32f4xx_hal_rcc.o
                0x0000000008002a40                HAL_RCC_GetSysClockFreq
 .text.HAL_RCC_GetHCLKFreq
                0x0000000008002c4c       0x18 ./Drivers/STM32F4xx_HAL_Driver/Src/stm32f4xx_hal_rcc.o
                0x0000000008002c4c                HAL_RCC_GetHCLKFreq
 .text.HAL_SPI_Init
                0x0000000008002c64      0x112 ./Drivers/STM32F4xx_HAL_Driver/Src/stm32f4xx_hal_spi.o
                0x0000000008002c64                HAL_SPI_Init
 .text.HAL_SPI_Transmit
                0x0000000008002d76      0x278 ./Drivers/STM32F4xx_HAL_Driver/Src/stm32f4xx_hal_spi.o
                0x0000000008002d76                HAL_SPI_Transmit
 .text.HAL_SPI_Receive
                0x0000000008002fee      0x222 ./Drivers/STM32F4xx_HAL_Driver/Src/stm32f4xx_hal_spi.o
                0x0000000008002fee                HAL_SPI_Receive
 .text.HAL_SPI_TransmitReceive
                0x0000000008003210      0x344 ./Drivers/STM32F4xx_HAL_Driver/Src/stm32f4xx_hal_spi.o
                0x0000000008003210                HAL_SPI_TransmitReceive
 .text.SPI_WaitFlagStateUntilTimeout
                0x0000000008003554      0x110 ./Drivers/STM32F4xx_HAL_Driver/Src/stm32f4xx_hal_spi.o
 .text.SPI_EndRxTransaction
                0x0000000008003664       0xca ./Drivers/STM32F4xx_HAL_Driver/Src/stm32f4xx_hal_spi.o
 *fill*         0x000000000800372e        0x2 
 .text.SPI_EndRxTxTransaction
                0x0000000008003730       0x84 ./Drivers/STM32F4xx_HAL_Driver/Src/stm32f4xx_hal_spi.o
 .text.__errno  0x00000000080037b4        0xc c:/st/stm32cubeide_1.12.0/stm32cubeide/plugins/com.st.stm32cube.ide.mcu.externaltools.gnu-tools-for-stm32.10.3-2021.10.win32_1.0.200.202301161003/tools/bin/../lib/gcc/arm-none-eabi/10.3.1/../../../../arm-none-eabi/lib/thumb/v7e-m+fp/hard\libc_nano.a(lib_a-errno.o)
                0x00000000080037b4                __errno
 .text.__libc_init_array
                0x00000000080037c0       0x48 c:/st/stm32cubeide_1.12.0/stm32cubeide/plugins/com.st.stm32cube.ide.mcu.externaltools.gnu-tools-for-stm32.10.3-2021.10.win32_1.0.200.202301161003/tools/bin/../lib/gcc/arm-none-eabi/10.3.1/../../../../arm-none-eabi/lib/thumb/v7e-m+fp/hard\libc_nano.a(lib_a-init.o)
                0x00000000080037c0                __libc_init_array
 .text.memset   0x0000000008003808       0x10 c:/st/stm32cubeide_1.12.0/stm32cubeide/plugins/com.st.stm32cube.ide.mcu.externaltools.gnu-tools-for-stm32.10.3-2021.10.win32_1.0.200.202301161003/tools/bin/../lib/gcc/arm-none-eabi/10.3.1/../../../../arm-none-eabi/lib/thumb/v7e-m+fp/hard\libc_nano.a(lib_a-memset.o)
                0x0000000008003808                memset
 .text.sprintf  0x0000000008003818       0x40 c:/st/stm32cubeide_1.12.0/stm32cubeide/plugins/com.st.stm32cube.ide.mcu.externaltools.gnu-tools-for-stm32.10.3-2021.10.win32_1.0.200.202301161003/tools/bin/../lib/gcc/arm-none-eabi/10.3.1/../../../../arm-none-eabi/lib/thumb/v7e-m+fp/hard\libc_nano.a(lib_a-sprintf.o)
                0x0000000008003818                siprintf
                0x0000000008003818                sprintf
 .text.__ssputs_r
                0x0000000008003858       0xb6 c:/st/stm32cubeide_1.12.0/stm32cubeide/plugins/com.st.stm32cube.ide.mcu.externaltools.gnu-tools-for-stm32.10.3-2021.10.win32_1.0.200.202301161003/tools/bin/../lib/gcc/arm-none-eabi/10.3.1/../../../../arm-none-eabi/lib/thumb/v7e-m+fp/hard\libc_nano.a(lib_a-nano-svfprintf.o)
                0x0000000008003858                __ssputs_r
 *fill*         0x000000000800390e        0x2 
 .text._svfprintf_r
                0x0000000008003910      0x200 c:/st/stm32cubeide_1.12.0/stm32cubeide/plugins/com.st.stm32cube.ide.mcu.externaltools.gnu-tools-for-stm32.10.3-2021.10.win32_1.0.200.202301161003/tools/bin/../lib/gcc/arm-none-eabi/10.3.1/../../../../arm-none-eabi/lib/thumb/v7e-m+fp/hard\libc_nano.a(lib_a-nano-svfprintf.o)
                0x0000000008003910                _svfiprintf_r
                0x0000000008003910                _svfprintf_r
 .text._printf_common
                0x0000000008003b10       0xda c:/st/stm32cubeide_1.12.0/stm32cubeide/plugins/com.st.stm32cube.ide.mcu.externaltools.gnu-tools-for-stm32.10.3-2021.10.win32_1.0.200.202301161003/tools/bin/../lib/gcc/arm-none-eabi/10.3.1/../../../../arm-none-eabi/lib/thumb/v7e-m+fp/hard\libc_nano.a(lib_a-nano-vfprintf_i.o)
                0x0000000008003b10                _printf_common
 *fill*         0x0000000008003bea        0x2 
 .text._printf_i
                0x0000000008003bec      0x24c c:/st/stm32cubeide_1.12.0/stm32cubeide/plugins/com.st.stm32cube.ide.mcu.externaltools.gnu-tools-for-stm32.10.3-2021.10.win32_1.0.200.202301161003/tools/bin/../lib/gcc/arm-none-eabi/10.3.1/../../../../arm-none-eabi/lib/thumb/v7e-m+fp/hard\libc_nano.a(lib_a-nano-vfprintf_i.o)
                0x0000000008003bec                _printf_i
 .text.memcpy   0x0000000008003e38       0x1c c:/st/stm32cubeide_1.12.0/stm32cubeide/plugins/com.st.stm32cube.ide.mcu.externaltools.gnu-tools-for-stm32.10.3-2021.10.win32_1.0.200.202301161003/tools/bin/../lib/gcc/arm-none-eabi/10.3.1/../../../../arm-none-eabi/lib/thumb/v7e-m+fp/hard\libc_nano.a(lib_a-memcpy-stub.o)
                0x0000000008003e38                memcpy
 .text.memmove  0x0000000008003e54       0x34 c:/st/stm32cubeide_1.12.0/stm32cubeide/plugins/com.st.stm32cube.ide.mcu.externaltools.gnu-tools-for-stm32.10.3-2021.10.win32_1.0.200.202301161003/tools/bin/../lib/gcc/arm-none-eabi/10.3.1/../../../../arm-none-eabi/lib/thumb/v7e-m+fp/hard\libc_nano.a(lib_a-memmove.o)
                0x0000000008003e54                memmove
 .text._free_r  0x0000000008003e88       0x98 c:/st/stm32cubeide_1.12.0/stm32cubeide/plugins/com.st.stm32cube.ide.mcu.externaltools.gnu-tools-for-stm32.10.3-2021.10.win32_1.0.200.202301161003/tools/bin/../lib/gcc/arm-none-eabi/10.3.1/../../../../arm-none-eabi/lib/thumb/v7e-m+fp/hard\libc_nano.a(lib_a-nano-freer.o)
                0x0000000008003e88                _free_r
 .text.sbrk_aligned
                0x0000000008003f20       0x40 c:/st/stm32cubeide_1.12.0/stm32cubeide/plugins/com.st.stm32cube.ide.mcu.externaltools.gnu-tools-for-stm32.10.3-2021.10.win32_1.0.200.202301161003/tools/bin/../lib/gcc/arm-none-eabi/10.3.1/../../../../arm-none-eabi/lib/thumb/v7e-m+fp/hard\libc_nano.a(lib_a-nano-mallocr.o)
 .text._malloc_r
                0x0000000008003f60       0xe8 c:/st/stm32cubeide_1.12.0/stm32cubeide/plugins/com.st.stm32cube.ide.mcu.externaltools.gnu-tools-for-stm32.10.3-2021.10.win32_1.0.200.202301161003/tools/bin/../lib/gcc/arm-none-eabi/10.3.1/../../../../arm-none-eabi/lib/thumb/v7e-m+fp/hard\libc_nano.a(lib_a-nano-mallocr.o)
                0x0000000008003f60                _malloc_r
 .text._realloc_r
                0x0000000008004048       0x5e c:/st/stm32cubeide_1.12.0/stm32cubeide/plugins/com.st.stm32cube.ide.mcu.externaltools.gnu-tools-for-stm32.10.3-2021.10.win32_1.0.200.202301161003/tools/bin/../lib/gcc/arm-none-eabi/10.3.1/../../../../arm-none-eabi/lib/thumb/v7e-m+fp/hard\libc_nano.a(lib_a-nano-reallocr.o)
                0x0000000008004048                _realloc_r
 *fill*         0x00000000080040a6        0x2 
 .text._sbrk_r  0x00000000080040a8       0x20 c:/st/stm32cubeide_1.12.0/stm32cubeide/plugins/com.st.stm32cube.ide.mcu.externaltools.gnu-tools-for-stm32.10.3-2021.10.win32_1.0.200.202301161003/tools/bin/../lib/gcc/arm-none-eabi/10.3.1/../../../../arm-none-eabi/lib/thumb/v7e-m+fp/hard\libc_nano.a(lib_a-sbrkr.o)
                0x00000000080040a8                _sbrk_r
 .text.__malloc_lock
                0x00000000080040c8        0xc c:/st/stm32cubeide_1.12.0/stm32cubeide/plugins/com.st.stm32cube.ide.mcu.externaltools.gnu-tools-for-stm32.10.3-2021.10.win32_1.0.200.202301161003/tools/bin/../lib/gcc/arm-none-eabi/10.3.1/../../../../arm-none-eabi/lib/thumb/v7e-m+fp/hard\libc_nano.a(lib_a-mlock.o)
                0x00000000080040c8                __malloc_lock
 .text.__malloc_unlock
                0x00000000080040d4        0xc c:/st/stm32cubeide_1.12.0/stm32cubeide/plugins/com.st.stm32cube.ide.mcu.externaltools.gnu-tools-for-stm32.10.3-2021.10.win32_1.0.200.202301161003/tools/bin/../lib/gcc/arm-none-eabi/10.3.1/../../../../arm-none-eabi/lib/thumb/v7e-m+fp/hard\libc_nano.a(lib_a-mlock.o)
                0x00000000080040d4                __malloc_unlock
 .text._malloc_usable_size_r
                0x00000000080040e0       0x10 c:/st/stm32cubeide_1.12.0/stm32cubeide/plugins/com.st.stm32cube.ide.mcu.externaltools.gnu-tools-for-stm32.10.3-2021.10.win32_1.0.200.202301161003/tools/bin/../lib/gcc/arm-none-eabi/10.3.1/../../../../arm-none-eabi/lib/thumb/v7e-m+fp/hard\libc_nano.a(lib_a-nano-msizer.o)
                0x00000000080040e0                _malloc_usable_size_r
 .text.__retarget_lock_acquire_recursive
                0x00000000080040f0        0x2 c:/st/stm32cubeide_1.12.0/stm32cubeide/plugins/com.st.stm32cube.ide.mcu.externaltools.gnu-tools-for-stm32.10.3-2021.10.win32_1.0.200.202301161003/tools/bin/../lib/gcc/arm-none-eabi/10.3.1/../../../../arm-none-eabi/lib/thumb/v7e-m+fp/hard\libc_nano.a(lib_a-lock.o)
                0x00000000080040f0                __retarget_lock_acquire_recursive
 .text.__retarget_lock_release_recursive
                0x00000000080040f2        0x2 c:/st/stm32cubeide_1.12.0/stm32cubeide/plugins/com.st.stm32cube.ide.mcu.externaltools.gnu-tools-for-stm32.10.3-2021.10.win32_1.0.200.202301161003/tools/bin/../lib/gcc/arm-none-eabi/10.3.1/../../../../arm-none-eabi/lib/thumb/v7e-m+fp/hard\libc_nano.a(lib_a-lock.o)
                0x00000000080040f2                __retarget_lock_release_recursive
 *(.glue_7)
 .glue_7        0x00000000080040f4        0x0 linker stubs
 *(.glue_7t)
 .glue_7t       0x00000000080040f4        0x0 linker stubs
 *(.eh_frame)
 .eh_frame      0x00000000080040f4        0x0 c:/st/stm32cubeide_1.12.0/stm32cubeide/plugins/com.st.stm32cube.ide.mcu.externaltools.gnu-tools-for-stm32.10.3-2021.10.win32_1.0.200.202301161003/tools/bin/../lib/gcc/arm-none-eabi/10.3.1/thumb/v7e-m+fp/hard/crtbegin.o
 *(.init)
 .init          0x00000000080040f4        0x4 c:/st/stm32cubeide_1.12.0/stm32cubeide/plugins/com.st.stm32cube.ide.mcu.externaltools.gnu-tools-for-stm32.10.3-2021.10.win32_1.0.200.202301161003/tools/bin/../lib/gcc/arm-none-eabi/10.3.1/thumb/v7e-m+fp/hard/crti.o
                0x00000000080040f4                _init
 .init          0x00000000080040f8        0x8 c:/st/stm32cubeide_1.12.0/stm32cubeide/plugins/com.st.stm32cube.ide.mcu.externaltools.gnu-tools-for-stm32.10.3-2021.10.win32_1.0.200.202301161003/tools/bin/../lib/gcc/arm-none-eabi/10.3.1/thumb/v7e-m+fp/hard/crtn.o
 *(.fini)
 .fini          0x0000000008004100        0x4 c:/st/stm32cubeide_1.12.0/stm32cubeide/plugins/com.st.stm32cube.ide.mcu.externaltools.gnu-tools-for-stm32.10.3-2021.10.win32_1.0.200.202301161003/tools/bin/../lib/gcc/arm-none-eabi/10.3.1/thumb/v7e-m+fp/hard/crti.o
                0x0000000008004100                _fini
 .fini          0x0000000008004104        0x8 c:/st/stm32cubeide_1.12.0/stm32cubeide/plugins/com.st.stm32cube.ide.mcu.externaltools.gnu-tools-for-stm32.10.3-2021.10.win32_1.0.200.202301161003/tools/bin/../lib/gcc/arm-none-eabi/10.3.1/thumb/v7e-m+fp/hard/crtn.o
                0x000000000800410c                . = ALIGN (0x4)
                0x000000000800410c                _etext = .

.vfp11_veneer   0x000000000800410c        0x0
 .vfp11_veneer  0x000000000800410c        0x0 linker stubs

.v4_bx          0x000000000800410c        0x0
 .v4_bx         0x000000000800410c        0x0 linker stubs

.iplt           0x000000000800410c        0x0
 .iplt          0x000000000800410c        0x0 c:/st/stm32cubeide_1.12.0/stm32cubeide/plugins/com.st.stm32cube.ide.mcu.externaltools.gnu-tools-for-stm32.10.3-2021.10.win32_1.0.200.202301161003/tools/bin/../lib/gcc/arm-none-eabi/10.3.1/thumb/v7e-m+fp/hard/crtbegin.o

.rodata         0x000000000800410c       0x6c
                0x000000000800410c                . = ALIGN (0x4)
 *(.rodata)
 .rodata        0x000000000800410c        0x9 ./Core/Src/main.o
 *(.rodata*)
 *fill*         0x0000000008004115        0x3 
 .rodata.LCD16x2_CfgParam
                0x0000000008004118       0x14 ./Core/Src/LCD16x2_cfg.o
                0x0000000008004118                LCD16x2_CfgParam
 .rodata.nRF24_ADDR_REGS
                0x000000000800412c        0x7 ./Core/Src/nrf24.o
 *fill*         0x0000000008004133        0x1 
 .rodata.AHBPrescTable
                0x0000000008004134       0x10 ./Core/Src/system_stm32f4xx.o
                0x0000000008004134                AHBPrescTable
 .rodata._svfprintf_r.str1.1
                0x0000000008004144       0x11 c:/st/stm32cubeide_1.12.0/stm32cubeide/plugins/com.st.stm32cube.ide.mcu.externaltools.gnu-tools-for-stm32.10.3-2021.10.win32_1.0.200.202301161003/tools/bin/../lib/gcc/arm-none-eabi/10.3.1/../../../../arm-none-eabi/lib/thumb/v7e-m+fp/hard\libc_nano.a(lib_a-nano-svfprintf.o)
 .rodata._printf_i.str1.1
                0x0000000008004155       0x22 c:/st/stm32cubeide_1.12.0/stm32cubeide/plugins/com.st.stm32cube.ide.mcu.externaltools.gnu-tools-for-stm32.10.3-2021.10.win32_1.0.200.202301161003/tools/bin/../lib/gcc/arm-none-eabi/10.3.1/../../../../arm-none-eabi/lib/thumb/v7e-m+fp/hard\libc_nano.a(lib_a-nano-vfprintf_i.o)
                0x0000000008004178                . = ALIGN (0x4)
 *fill*         0x0000000008004177        0x1 

.ARM.extab      0x0000000008004178        0x0
                0x0000000008004178                . = ALIGN (0x4)
 *(.ARM.extab* .gnu.linkonce.armextab.*)
                0x0000000008004178                . = ALIGN (0x4)

.ARM            0x0000000008004178        0x8
                0x0000000008004178                . = ALIGN (0x4)
                0x0000000008004178                __exidx_start = .
 *(.ARM.exidx*)
 .ARM.exidx     0x0000000008004178        0x8 c:/st/stm32cubeide_1.12.0/stm32cubeide/plugins/com.st.stm32cube.ide.mcu.externaltools.gnu-tools-for-stm32.10.3-2021.10.win32_1.0.200.202301161003/tools/bin/../lib/gcc/arm-none-eabi/10.3.1/thumb/v7e-m+fp/hard\libgcc.a(_udivmoddi4.o)
                0x0000000008004180                __exidx_end = .
                0x0000000008004180                . = ALIGN (0x4)

.rel.dyn        0x0000000008004180        0x0
 .rel.iplt      0x0000000008004180        0x0 c:/st/stm32cubeide_1.12.0/stm32cubeide/plugins/com.st.stm32cube.ide.mcu.externaltools.gnu-tools-for-stm32.10.3-2021.10.win32_1.0.200.202301161003/tools/bin/../lib/gcc/arm-none-eabi/10.3.1/thumb/v7e-m+fp/hard/crtbegin.o

.preinit_array  0x0000000008004180        0x0
                0x0000000008004180                . = ALIGN (0x4)
                0x0000000008004180                PROVIDE (__preinit_array_start = .)
 *(.preinit_array*)
                0x0000000008004180                PROVIDE (__preinit_array_end = .)
                0x0000000008004180                . = ALIGN (0x4)

.init_array     0x0000000008004180        0x4
                0x0000000008004180                . = ALIGN (0x4)
                0x0000000008004180                PROVIDE (__init_array_start = .)
 *(SORT_BY_NAME(.init_array.*))
 *(.init_array*)
 .init_array    0x0000000008004180        0x4 c:/st/stm32cubeide_1.12.0/stm32cubeide/plugins/com.st.stm32cube.ide.mcu.externaltools.gnu-tools-for-stm32.10.3-2021.10.win32_1.0.200.202301161003/tools/bin/../lib/gcc/arm-none-eabi/10.3.1/thumb/v7e-m+fp/hard/crtbegin.o
                0x0000000008004184                PROVIDE (__init_array_end = .)
                0x0000000008004184                . = ALIGN (0x4)

.fini_array     0x0000000008004184        0x4
                0x0000000008004184                . = ALIGN (0x4)
                [!provide]                        PROVIDE (__fini_array_start = .)
 *(SORT_BY_NAME(.fini_array.*))
 *(.fini_array*)
 .fini_array    0x0000000008004184        0x4 c:/st/stm32cubeide_1.12.0/stm32cubeide/plugins/com.st.stm32cube.ide.mcu.externaltools.gnu-tools-for-stm32.10.3-2021.10.win32_1.0.200.202301161003/tools/bin/../lib/gcc/arm-none-eabi/10.3.1/thumb/v7e-m+fp/hard/crtbegin.o
                [!provide]                        PROVIDE (__fini_array_end = .)
                0x0000000008004188                . = ALIGN (0x4)
                0x0000000008004188                _sidata = LOADADDR (.data)

.data           0x0000000020000000       0x78 load address 0x0000000008004188
                0x0000000020000000                . = ALIGN (0x4)
                0x0000000020000000                _sdata = .
 *(.data)
 *(.data*)
 .data.ADDR     0x0000000020000000        0x5 ./Core/Src/main.o
                0x0000000020000000                ADDR
 *fill*         0x0000000020000005        0x3 
 .data.SystemCoreClock
                0x0000000020000008        0x4 ./Core/Src/system_stm32f4xx.o
                0x0000000020000008                SystemCoreClock
 .data.uwTickPrio
                0x000000002000000c        0x4 ./Drivers/STM32F4xx_HAL_Driver/Src/stm32f4xx_hal.o
                0x000000002000000c                uwTickPrio
 .data.uwTickFreq
                0x0000000020000010        0x1 ./Drivers/STM32F4xx_HAL_Driver/Src/stm32f4xx_hal.o
                0x0000000020000010                uwTickFreq
 *fill*         0x0000000020000011        0x3 
 .data._impure_ptr
                0x0000000020000014        0x4 c:/st/stm32cubeide_1.12.0/stm32cubeide/plugins/com.st.stm32cube.ide.mcu.externaltools.gnu-tools-for-stm32.10.3-2021.10.win32_1.0.200.202301161003/tools/bin/../lib/gcc/arm-none-eabi/10.3.1/../../../../arm-none-eabi/lib/thumb/v7e-m+fp/hard\libc_nano.a(lib_a-impure.o)
                0x0000000020000014                _impure_ptr
 .data.impure_data
                0x0000000020000018       0x60 c:/st/stm32cubeide_1.12.0/stm32cubeide/plugins/com.st.stm32cube.ide.mcu.externaltools.gnu-tools-for-stm32.10.3-2021.10.win32_1.0.200.202301161003/tools/bin/../lib/gcc/arm-none-eabi/10.3.1/../../../../arm-none-eabi/lib/thumb/v7e-m+fp/hard\libc_nano.a(lib_a-impure.o)
 *(.RamFunc)
 *(.RamFunc*)
                0x0000000020000078                . = ALIGN (0x4)
                0x0000000020000078                _edata = .
                0x0000000008004200                _siccmram = LOADADDR (.ccmram)

.igot.plt       0x0000000020000078        0x0 load address 0x0000000008004200
 .igot.plt      0x0000000020000078        0x0 c:/st/stm32cubeide_1.12.0/stm32cubeide/plugins/com.st.stm32cube.ide.mcu.externaltools.gnu-tools-for-stm32.10.3-2021.10.win32_1.0.200.202301161003/tools/bin/../lib/gcc/arm-none-eabi/10.3.1/thumb/v7e-m+fp/hard/crtbegin.o

.ccmram         0x0000000010000000        0x0 load address 0x0000000008004200
                0x0000000010000000                . = ALIGN (0x4)
                0x0000000010000000                _sccmram = .
 *(.ccmram)
 *(.ccmram*)
                0x0000000010000000                . = ALIGN (0x4)
                0x0000000010000000                _eccmram = .
                0x0000000010000000                . = ALIGN (0x4)

.bss            0x0000000020000078       0xe4
                0x0000000020000078                _sbss = .
                0x0000000020000078                __bss_start__ = _sbss
 *(.bss)
 .bss           0x0000000020000078       0x1c c:/st/stm32cubeide_1.12.0/stm32cubeide/plugins/com.st.stm32cube.ide.mcu.externaltools.gnu-tools-for-stm32.10.3-2021.10.win32_1.0.200.202301161003/tools/bin/../lib/gcc/arm-none-eabi/10.3.1/thumb/v7e-m+fp/hard/crtbegin.o
 *(.bss*)
 .bss.hadc1     0x0000000020000094       0x48 ./Core/Src/adc.o
                0x0000000020000094                hadc1
 .bss.dum       0x00000000200000dc        0x1 ./Core/Src/main.o
                0x00000000200000dc                dum
 .bss.config    0x00000000200000dd        0x1 ./Core/Src/main.o
                0x00000000200000dd                config
 .bss.reg_status
                0x00000000200000de        0x1 ./Core/Src/main.o
                0x00000000200000de                reg_status
 .bss.reg_addr  0x00000000200000df        0x1 ./Core/Src/main.o
                0x00000000200000df                reg_addr
 .bss.config_lcd
                0x00000000200000e0        0x8 ./Core/Src/main.o
                0x00000000200000e0                config_lcd
 .bss.ADC_raw_value
                0x00000000200000e8        0x4 ./Core/Src/main.o
                0x00000000200000e8                ADC_raw_value
 .bss.hspi1     0x00000000200000ec       0x58 ./Core/Src/spi.o
                0x00000000200000ec                hspi1
 .bss.__sbrk_heap_end
                0x0000000020000144        0x4 ./Core/Src/sysmem.o
 .bss.uwTick    0x0000000020000148        0x4 ./Drivers/STM32F4xx_HAL_Driver/Src/stm32f4xx_hal.o
                0x0000000020000148                uwTick
 .bss.__malloc_free_list
                0x000000002000014c        0x4 c:/st/stm32cubeide_1.12.0/stm32cubeide/plugins/com.st.stm32cube.ide.mcu.externaltools.gnu-tools-for-stm32.10.3-2021.10.win32_1.0.200.202301161003/tools/bin/../lib/gcc/arm-none-eabi/10.3.1/../../../../arm-none-eabi/lib/thumb/v7e-m+fp/hard\libc_nano.a(lib_a-nano-mallocr.o)
                0x000000002000014c                __malloc_free_list
 .bss.__malloc_sbrk_start
                0x0000000020000150        0x4 c:/st/stm32cubeide_1.12.0/stm32cubeide/plugins/com.st.stm32cube.ide.mcu.externaltools.gnu-tools-for-stm32.10.3-2021.10.win32_1.0.200.202301161003/tools/bin/../lib/gcc/arm-none-eabi/10.3.1/../../../../arm-none-eabi/lib/thumb/v7e-m+fp/hard\libc_nano.a(lib_a-nano-mallocr.o)
                0x0000000020000150                __malloc_sbrk_start
 .bss.errno     0x0000000020000154        0x4 c:/st/stm32cubeide_1.12.0/stm32cubeide/plugins/com.st.stm32cube.ide.mcu.externaltools.gnu-tools-for-stm32.10.3-2021.10.win32_1.0.200.202301161003/tools/bin/../lib/gcc/arm-none-eabi/10.3.1/../../../../arm-none-eabi/lib/thumb/v7e-m+fp/hard\libc_nano.a(lib_a-reent.o)
                0x0000000020000154                errno
 .bss.__lock___malloc_recursive_mutex
                0x0000000020000158        0x1 c:/st/stm32cubeide_1.12.0/stm32cubeide/plugins/com.st.stm32cube.ide.mcu.externaltools.gnu-tools-for-stm32.10.3-2021.10.win32_1.0.200.202301161003/tools/bin/../lib/gcc/arm-none-eabi/10.3.1/../../../../arm-none-eabi/lib/thumb/v7e-m+fp/hard\libc_nano.a(lib_a-lock.o)
                0x0000000020000158                __lock___malloc_recursive_mutex
 *(COMMON)
                0x000000002000015c                . = ALIGN (0x4)
 *fill*         0x0000000020000159        0x3 
                0x000000002000015c                _ebss = .
                0x000000002000015c                __bss_end__ = _ebss

._user_heap_stack
                0x000000002000015c      0x604
                0x0000000020000160                . = ALIGN (0x8)
 *fill*         0x000000002000015c        0x4 
                [!provide]                        PROVIDE (end = .)
                0x0000000020000160                PROVIDE (_end = .)
                0x0000000020000360                . = (. + _Min_Heap_Size)
 *fill*         0x0000000020000160      0x200 
                0x0000000020000760                . = (. + _Min_Stack_Size)
 *fill*         0x0000000020000360      0x400 
                0x0000000020000760                . = ALIGN (0x8)

/DISCARD/
 libc.a(*)
 libm.a(*)
 libgcc.a(*)

.ARM.attributes
                0x0000000000000000       0x30
 *(.ARM.attributes)
 .ARM.attributes
                0x0000000000000000       0x1e c:/st/stm32cubeide_1.12.0/stm32cubeide/plugins/com.st.stm32cube.ide.mcu.externaltools.gnu-tools-for-stm32.10.3-2021.10.win32_1.0.200.202301161003/tools/bin/../lib/gcc/arm-none-eabi/10.3.1/thumb/v7e-m+fp/hard/crti.o
 .ARM.attributes
                0x000000000000001e       0x34 c:/st/stm32cubeide_1.12.0/stm32cubeide/plugins/com.st.stm32cube.ide.mcu.externaltools.gnu-tools-for-stm32.10.3-2021.10.win32_1.0.200.202301161003/tools/bin/../lib/gcc/arm-none-eabi/10.3.1/thumb/v7e-m+fp/hard/crtbegin.o
 .ARM.attributes
                0x0000000000000052       0x34 ./Core/Src/DWT_Delay.o
 .ARM.attributes
                0x0000000000000086       0x34 ./Core/Src/LCD16x2.o
 .ARM.attributes
                0x00000000000000ba       0x34 ./Core/Src/LCD16x2_cfg.o
 .ARM.attributes
                0x00000000000000ee       0x34 ./Core/Src/adc.o
 .ARM.attributes
                0x0000000000000122       0x34 ./Core/Src/gpio.o
 .ARM.attributes
                0x0000000000000156       0x34 ./Core/Src/main.o
 .ARM.attributes
                0x000000000000018a       0x34 ./Core/Src/nrf24.o
 .ARM.attributes
                0x00000000000001be       0x34 ./Core/Src/nrf24_hal.o
 .ARM.attributes
                0x00000000000001f2       0x34 ./Core/Src/spi.o
 .ARM.attributes
                0x0000000000000226       0x34 ./Core/Src/stm32f4xx_hal_msp.o
 .ARM.attributes
                0x000000000000025a       0x34 ./Core/Src/stm32f4xx_it.o
 .ARM.attributes
                0x000000000000028e       0x34 ./Core/Src/sysmem.o
 .ARM.attributes
                0x00000000000002c2       0x34 ./Core/Src/system_stm32f4xx.o
 .ARM.attributes
                0x00000000000002f6       0x21 ./Core/Startup/startup_stm32f407vgtx.o
 .ARM.attributes
                0x0000000000000317       0x34 ./Drivers/STM32F4xx_HAL_Driver/Src/stm32f4xx_hal.o
 .ARM.attributes
                0x000000000000034b       0x34 ./Drivers/STM32F4xx_HAL_Driver/Src/stm32f4xx_hal_adc.o
 .ARM.attributes
                0x000000000000037f       0x34 ./Drivers/STM32F4xx_HAL_Driver/Src/stm32f4xx_hal_cortex.o
 .ARM.attributes
                0x00000000000003b3       0x34 ./Drivers/STM32F4xx_HAL_Driver/Src/stm32f4xx_hal_gpio.o
 .ARM.attributes
                0x00000000000003e7       0x34 ./Drivers/STM32F4xx_HAL_Driver/Src/stm32f4xx_hal_rcc.o
 .ARM.attributes
                0x000000000000041b       0x34 ./Drivers/STM32F4xx_HAL_Driver/Src/stm32f4xx_hal_spi.o
 .ARM.attributes
                0x000000000000044f       0x34 c:/st/stm32cubeide_1.12.0/stm32cubeide/plugins/com.st.stm32cube.ide.mcu.externaltools.gnu-tools-for-stm32.10.3-2021.10.win32_1.0.200.202301161003/tools/bin/../lib/gcc/arm-none-eabi/10.3.1/../../../../arm-none-eabi/lib/thumb/v7e-m+fp/hard\libc_nano.a(lib_a-errno.o)
 .ARM.attributes
                0x0000000000000483       0x34 c:/st/stm32cubeide_1.12.0/stm32cubeide/plugins/com.st.stm32cube.ide.mcu.externaltools.gnu-tools-for-stm32.10.3-2021.10.win32_1.0.200.202301161003/tools/bin/../lib/gcc/arm-none-eabi/10.3.1/../../../../arm-none-eabi/lib/thumb/v7e-m+fp/hard\libc_nano.a(lib_a-impure.o)
 .ARM.attributes
                0x00000000000004b7       0x34 c:/st/stm32cubeide_1.12.0/stm32cubeide/plugins/com.st.stm32cube.ide.mcu.externaltools.gnu-tools-for-stm32.10.3-2021.10.win32_1.0.200.202301161003/tools/bin/../lib/gcc/arm-none-eabi/10.3.1/../../../../arm-none-eabi/lib/thumb/v7e-m+fp/hard\libc_nano.a(lib_a-init.o)
 .ARM.attributes
                0x00000000000004eb       0x34 c:/st/stm32cubeide_1.12.0/stm32cubeide/plugins/com.st.stm32cube.ide.mcu.externaltools.gnu-tools-for-stm32.10.3-2021.10.win32_1.0.200.202301161003/tools/bin/../lib/gcc/arm-none-eabi/10.3.1/../../../../arm-none-eabi/lib/thumb/v7e-m+fp/hard\libc_nano.a(lib_a-memset.o)
 .ARM.attributes
                0x000000000000051f       0x34 c:/st/stm32cubeide_1.12.0/stm32cubeide/plugins/com.st.stm32cube.ide.mcu.externaltools.gnu-tools-for-stm32.10.3-2021.10.win32_1.0.200.202301161003/tools/bin/../lib/gcc/arm-none-eabi/10.3.1/../../../../arm-none-eabi/lib/thumb/v7e-m+fp/hard\libc_nano.a(lib_a-sprintf.o)
 .ARM.attributes
                0x0000000000000553       0x34 c:/st/stm32cubeide_1.12.0/stm32cubeide/plugins/com.st.stm32cube.ide.mcu.externaltools.gnu-tools-for-stm32.10.3-2021.10.win32_1.0.200.202301161003/tools/bin/../lib/gcc/arm-none-eabi/10.3.1/../../../../arm-none-eabi/lib/thumb/v7e-m+fp/hard\libc_nano.a(lib_a-nano-svfprintf.o)
 .ARM.attributes
                0x0000000000000587       0x34 c:/st/stm32cubeide_1.12.0/stm32cubeide/plugins/com.st.stm32cube.ide.mcu.externaltools.gnu-tools-for-stm32.10.3-2021.10.win32_1.0.200.202301161003/tools/bin/../lib/gcc/arm-none-eabi/10.3.1/../../../../arm-none-eabi/lib/thumb/v7e-m+fp/hard\libc_nano.a(lib_a-nano-vfprintf_i.o)
 .ARM.attributes
                0x00000000000005bb       0x1c c:/st/stm32cubeide_1.12.0/stm32cubeide/plugins/com.st.stm32cube.ide.mcu.externaltools.gnu-tools-for-stm32.10.3-2021.10.win32_1.0.200.202301161003/tools/bin/../lib/gcc/arm-none-eabi/10.3.1/../../../../arm-none-eabi/lib/thumb/v7e-m+fp/hard\libc_nano.a(lib_a-memchr.o)
 .ARM.attributes
                0x00000000000005d7       0x34 c:/st/stm32cubeide_1.12.0/stm32cubeide/plugins/com.st.stm32cube.ide.mcu.externaltools.gnu-tools-for-stm32.10.3-2021.10.win32_1.0.200.202301161003/tools/bin/../lib/gcc/arm-none-eabi/10.3.1/../../../../arm-none-eabi/lib/thumb/v7e-m+fp/hard\libc_nano.a(lib_a-memcpy-stub.o)
 .ARM.attributes
                0x000000000000060b       0x34 c:/st/stm32cubeide_1.12.0/stm32cubeide/plugins/com.st.stm32cube.ide.mcu.externaltools.gnu-tools-for-stm32.10.3-2021.10.win32_1.0.200.202301161003/tools/bin/../lib/gcc/arm-none-eabi/10.3.1/../../../../arm-none-eabi/lib/thumb/v7e-m+fp/hard\libc_nano.a(lib_a-memmove.o)
 .ARM.attributes
                0x000000000000063f       0x34 c:/st/stm32cubeide_1.12.0/stm32cubeide/plugins/com.st.stm32cube.ide.mcu.externaltools.gnu-tools-for-stm32.10.3-2021.10.win32_1.0.200.202301161003/tools/bin/../lib/gcc/arm-none-eabi/10.3.1/../../../../arm-none-eabi/lib/thumb/v7e-m+fp/hard\libc_nano.a(lib_a-nano-freer.o)
 .ARM.attributes
                0x0000000000000673       0x34 c:/st/stm32cubeide_1.12.0/stm32cubeide/plugins/com.st.stm32cube.ide.mcu.externaltools.gnu-tools-for-stm32.10.3-2021.10.win32_1.0.200.202301161003/tools/bin/../lib/gcc/arm-none-eabi/10.3.1/../../../../arm-none-eabi/lib/thumb/v7e-m+fp/hard\libc_nano.a(lib_a-nano-mallocr.o)
 .ARM.attributes
                0x00000000000006a7       0x34 c:/st/stm32cubeide_1.12.0/stm32cubeide/plugins/com.st.stm32cube.ide.mcu.externaltools.gnu-tools-for-stm32.10.3-2021.10.win32_1.0.200.202301161003/tools/bin/../lib/gcc/arm-none-eabi/10.3.1/../../../../arm-none-eabi/lib/thumb/v7e-m+fp/hard\libc_nano.a(lib_a-nano-reallocr.o)
 .ARM.attributes
                0x00000000000006db       0x34 c:/st/stm32cubeide_1.12.0/stm32cubeide/plugins/com.st.stm32cube.ide.mcu.externaltools.gnu-tools-for-stm32.10.3-2021.10.win32_1.0.200.202301161003/tools/bin/../lib/gcc/arm-none-eabi/10.3.1/../../../../arm-none-eabi/lib/thumb/v7e-m+fp/hard\libc_nano.a(lib_a-sbrkr.o)
 .ARM.attributes
                0x000000000000070f       0x34 c:/st/stm32cubeide_1.12.0/stm32cubeide/plugins/com.st.stm32cube.ide.mcu.externaltools.gnu-tools-for-stm32.10.3-2021.10.win32_1.0.200.202301161003/tools/bin/../lib/gcc/arm-none-eabi/10.3.1/../../../../arm-none-eabi/lib/thumb/v7e-m+fp/hard\libc_nano.a(lib_a-mlock.o)
 .ARM.attributes
                0x0000000000000743       0x34 c:/st/stm32cubeide_1.12.0/stm32cubeide/plugins/com.st.stm32cube.ide.mcu.externaltools.gnu-tools-for-stm32.10.3-2021.10.win32_1.0.200.202301161003/tools/bin/../lib/gcc/arm-none-eabi/10.3.1/../../../../arm-none-eabi/lib/thumb/v7e-m+fp/hard\libc_nano.a(lib_a-nano-msizer.o)
 .ARM.attributes
                0x0000000000000777       0x34 c:/st/stm32cubeide_1.12.0/stm32cubeide/plugins/com.st.stm32cube.ide.mcu.externaltools.gnu-tools-for-stm32.10.3-2021.10.win32_1.0.200.202301161003/tools/bin/../lib/gcc/arm-none-eabi/10.3.1/../../../../arm-none-eabi/lib/thumb/v7e-m+fp/hard\libc_nano.a(lib_a-reent.o)
 .ARM.attributes
                0x00000000000007ab       0x34 c:/st/stm32cubeide_1.12.0/stm32cubeide/plugins/com.st.stm32cube.ide.mcu.externaltools.gnu-tools-for-stm32.10.3-2021.10.win32_1.0.200.202301161003/tools/bin/../lib/gcc/arm-none-eabi/10.3.1/../../../../arm-none-eabi/lib/thumb/v7e-m+fp/hard\libc_nano.a(lib_a-lock.o)
 .ARM.attributes
                0x00000000000007df       0x1e c:/st/stm32cubeide_1.12.0/stm32cubeide/plugins/com.st.stm32cube.ide.mcu.externaltools.gnu-tools-for-stm32.10.3-2021.10.win32_1.0.200.202301161003/tools/bin/../lib/gcc/arm-none-eabi/10.3.1/thumb/v7e-m+fp/hard\libgcc.a(_aeabi_uldivmod.o)
 .ARM.attributes
                0x00000000000007fd       0x34 c:/st/stm32cubeide_1.12.0/stm32cubeide/plugins/com.st.stm32cube.ide.mcu.externaltools.gnu-tools-for-stm32.10.3-2021.10.win32_1.0.200.202301161003/tools/bin/../lib/gcc/arm-none-eabi/10.3.1/thumb/v7e-m+fp/hard\libgcc.a(_udivmoddi4.o)
 .ARM.attributes
                0x0000000000000831       0x1e c:/st/stm32cubeide_1.12.0/stm32cubeide/plugins/com.st.stm32cube.ide.mcu.externaltools.gnu-tools-for-stm32.10.3-2021.10.win32_1.0.200.202301161003/tools/bin/../lib/gcc/arm-none-eabi/10.3.1/thumb/v7e-m+fp/hard\libgcc.a(_dvmd_tls.o)
 .ARM.attributes
                0x000000000000084f       0x1e c:/st/stm32cubeide_1.12.0/stm32cubeide/plugins/com.st.stm32cube.ide.mcu.externaltools.gnu-tools-for-stm32.10.3-2021.10.win32_1.0.200.202301161003/tools/bin/../lib/gcc/arm-none-eabi/10.3.1/thumb/v7e-m+fp/hard/crtn.o
OUTPUT(PROJECT.elf elf32-littlearm)
LOAD linker stubs
LOAD c:/st/stm32cubeide_1.12.0/stm32cubeide/plugins/com.st.stm32cube.ide.mcu.externaltools.gnu-tools-for-stm32.10.3-2021.10.win32_1.0.200.202301161003/tools/bin/../lib/gcc/arm-none-eabi/10.3.1/../../../../arm-none-eabi/lib/thumb/v7e-m+fp/hard\libc.a
LOAD c:/st/stm32cubeide_1.12.0/stm32cubeide/plugins/com.st.stm32cube.ide.mcu.externaltools.gnu-tools-for-stm32.10.3-2021.10.win32_1.0.200.202301161003/tools/bin/../lib/gcc/arm-none-eabi/10.3.1/../../../../arm-none-eabi/lib/thumb/v7e-m+fp/hard\libm.a
LOAD c:/st/stm32cubeide_1.12.0/stm32cubeide/plugins/com.st.stm32cube.ide.mcu.externaltools.gnu-tools-for-stm32.10.3-2021.10.win32_1.0.200.202301161003/tools/bin/../lib/gcc/arm-none-eabi/10.3.1/thumb/v7e-m+fp/hard\libgcc.a

.debug_info     0x0000000000000000     0x9a67
 .debug_info    0x0000000000000000      0x269 ./Core/Src/DWT_Delay.o
 .debug_info    0x0000000000000269      0x874 ./Core/Src/LCD16x2.o
 .debug_info    0x0000000000000add      0x1ea ./Core/Src/LCD16x2_cfg.o
 .debug_info    0x0000000000000cc7      0xa29 ./Core/Src/adc.o
 .debug_info    0x00000000000016f0      0x471 ./Core/Src/gpio.o
 .debug_info    0x0000000000001b61     0x1186 ./Core/Src/main.o
 .debug_info    0x0000000000002ce7      0x8b6 ./Core/Src/nrf24.o
 .debug_info    0x000000000000359d      0x331 ./Core/Src/nrf24_hal.o
 .debug_info    0x00000000000038ce      0x9eb ./Core/Src/spi.o
 .debug_info    0x00000000000042b9      0x2a8 ./Core/Src/stm32f4xx_hal_msp.o
 .debug_info    0x0000000000004561      0x121 ./Core/Src/stm32f4xx_it.o
 .debug_info    0x0000000000004682      0x171 ./Core/Src/sysmem.o
 .debug_info    0x00000000000047f3      0x523 ./Core/Src/system_stm32f4xx.o
 .debug_info    0x0000000000004d16       0x22 ./Core/Startup/startup_stm32f407vgtx.o
 .debug_info    0x0000000000004d38      0x97c ./Drivers/STM32F4xx_HAL_Driver/Src/stm32f4xx_hal.o
 .debug_info    0x00000000000056b4      0xd70 ./Drivers/STM32F4xx_HAL_Driver/Src/stm32f4xx_hal_adc.o
 .debug_info    0x0000000000006424      0xe1b ./Drivers/STM32F4xx_HAL_Driver/Src/stm32f4xx_hal_cortex.o
 .debug_info    0x000000000000723f      0x76a ./Drivers/STM32F4xx_HAL_Driver/Src/stm32f4xx_hal_gpio.o
 .debug_info    0x00000000000079a9      0x966 ./Drivers/STM32F4xx_HAL_Driver/Src/stm32f4xx_hal_rcc.o
 .debug_info    0x000000000000830f     0x1758 ./Drivers/STM32F4xx_HAL_Driver/Src/stm32f4xx_hal_spi.o

.debug_abbrev   0x0000000000000000     0x203e
 .debug_abbrev  0x0000000000000000       0xa7 ./Core/Src/DWT_Delay.o
 .debug_abbrev  0x00000000000000a7      0x223 ./Core/Src/LCD16x2.o
 .debug_abbrev  0x00000000000002ca       0xd4 ./Core/Src/LCD16x2_cfg.o
 .debug_abbrev  0x000000000000039e      0x1e0 ./Core/Src/adc.o
 .debug_abbrev  0x000000000000057e      0x146 ./Core/Src/gpio.o
 .debug_abbrev  0x00000000000006c4      0x271 ./Core/Src/main.o
 .debug_abbrev  0x0000000000000935      0x252 ./Core/Src/nrf24.o
 .debug_abbrev  0x0000000000000b87      0x169 ./Core/Src/nrf24_hal.o
 .debug_abbrev  0x0000000000000cf0      0x1e0 ./Core/Src/spi.o
 .debug_abbrev  0x0000000000000ed0       0xd4 ./Core/Src/stm32f4xx_hal_msp.o
 .debug_abbrev  0x0000000000000fa4       0x74 ./Core/Src/stm32f4xx_it.o
 .debug_abbrev  0x0000000000001018       0xbb ./Core/Src/sysmem.o
 .debug_abbrev  0x00000000000010d3      0x116 ./Core/Src/system_stm32f4xx.o
 .debug_abbrev  0x00000000000011e9       0x12 ./Core/Startup/startup_stm32f407vgtx.o
 .debug_abbrev  0x00000000000011fb      0x20d ./Drivers/STM32F4xx_HAL_Driver/Src/stm32f4xx_hal.o
 .debug_abbrev  0x0000000000001408      0x244 ./Drivers/STM32F4xx_HAL_Driver/Src/stm32f4xx_hal_adc.o
 .debug_abbrev  0x000000000000164c      0x316 ./Drivers/STM32F4xx_HAL_Driver/Src/stm32f4xx_hal_cortex.o
 .debug_abbrev  0x0000000000001962      0x1c4 ./Drivers/STM32F4xx_HAL_Driver/Src/stm32f4xx_hal_gpio.o
 .debug_abbrev  0x0000000000001b26      0x2aa ./Drivers/STM32F4xx_HAL_Driver/Src/stm32f4xx_hal_rcc.o
 .debug_abbrev  0x0000000000001dd0      0x26e ./Drivers/STM32F4xx_HAL_Driver/Src/stm32f4xx_hal_spi.o

.debug_aranges  0x0000000000000000      0x928
 .debug_aranges
                0x0000000000000000       0x20 ./Core/Src/DWT_Delay.o
 .debug_aranges
                0x0000000000000020       0x70 ./Core/Src/LCD16x2.o
 .debug_aranges
                0x0000000000000090       0x18 ./Core/Src/LCD16x2_cfg.o
 .debug_aranges
                0x00000000000000a8       0x30 ./Core/Src/adc.o
 .debug_aranges
                0x00000000000000d8       0x20 ./Core/Src/gpio.o
 .debug_aranges
                0x00000000000000f8       0x30 ./Core/Src/main.o
 .debug_aranges
                0x0000000000000128      0x118 ./Core/Src/nrf24.o
 .debug_aranges
                0x0000000000000240       0x28 ./Core/Src/nrf24_hal.o
 .debug_aranges
                0x0000000000000268       0x30 ./Core/Src/spi.o
 .debug_aranges
                0x0000000000000298       0x20 ./Core/Src/stm32f4xx_hal_msp.o
 .debug_aranges
                0x00000000000002b8       0x60 ./Core/Src/stm32f4xx_it.o
 .debug_aranges
                0x0000000000000318       0x20 ./Core/Src/sysmem.o
 .debug_aranges
                0x0000000000000338       0x28 ./Core/Src/system_stm32f4xx.o
 .debug_aranges
                0x0000000000000360       0x28 ./Core/Startup/startup_stm32f407vgtx.o
 .debug_aranges
                0x0000000000000388       0xf0 ./Drivers/STM32F4xx_HAL_Driver/Src/stm32f4xx_hal.o
 .debug_aranges
                0x0000000000000478       0xe8 ./Drivers/STM32F4xx_HAL_Driver/Src/stm32f4xx_hal_adc.o
 .debug_aranges
                0x0000000000000560      0x118 ./Drivers/STM32F4xx_HAL_Driver/Src/stm32f4xx_hal_cortex.o
 .debug_aranges
                0x0000000000000678       0x58 ./Drivers/STM32F4xx_HAL_Driver/Src/stm32f4xx_hal_gpio.o
 .debug_aranges
                0x00000000000006d0       0x88 ./Drivers/STM32F4xx_HAL_Driver/Src/stm32f4xx_hal_rcc.o
 .debug_aranges
                0x0000000000000758      0x1d0 ./Drivers/STM32F4xx_HAL_Driver/Src/stm32f4xx_hal_spi.o

.debug_ranges   0x0000000000000000      0x7e8
 .debug_ranges  0x0000000000000000       0x10 ./Core/Src/DWT_Delay.o
 .debug_ranges  0x0000000000000010       0x60 ./Core/Src/LCD16x2.o
 .debug_ranges  0x0000000000000070       0x20 ./Core/Src/adc.o
 .debug_ranges  0x0000000000000090       0x10 ./Core/Src/gpio.o
 .debug_ranges  0x00000000000000a0       0x20 ./Core/Src/main.o
 .debug_ranges  0x00000000000000c0      0x108 ./Core/Src/nrf24.o
 .debug_ranges  0x00000000000001c8       0x18 ./Core/Src/nrf24_hal.o
 .debug_ranges  0x00000000000001e0       0x20 ./Core/Src/spi.o
 .debug_ranges  0x0000000000000200       0x10 ./Core/Src/stm32f4xx_hal_msp.o
 .debug_ranges  0x0000000000000210       0x50 ./Core/Src/stm32f4xx_it.o
 .debug_ranges  0x0000000000000260       0x10 ./Core/Src/sysmem.o
 .debug_ranges  0x0000000000000270       0x18 ./Core/Src/system_stm32f4xx.o
 .debug_ranges  0x0000000000000288       0x20 ./Core/Startup/startup_stm32f407vgtx.o
 .debug_ranges  0x00000000000002a8       0xe0 ./Drivers/STM32F4xx_HAL_Driver/Src/stm32f4xx_hal.o
 .debug_ranges  0x0000000000000388       0xd8 ./Drivers/STM32F4xx_HAL_Driver/Src/stm32f4xx_hal_adc.o
 .debug_ranges  0x0000000000000460      0x108 ./Drivers/STM32F4xx_HAL_Driver/Src/stm32f4xx_hal_cortex.o
 .debug_ranges  0x0000000000000568       0x48 ./Drivers/STM32F4xx_HAL_Driver/Src/stm32f4xx_hal_gpio.o
 .debug_ranges  0x00000000000005b0       0x78 ./Drivers/STM32F4xx_HAL_Driver/Src/stm32f4xx_hal_rcc.o
 .debug_ranges  0x0000000000000628      0x1c0 ./Drivers/STM32F4xx_HAL_Driver/Src/stm32f4xx_hal_spi.o

.debug_macro    0x0000000000000000    0x22803
 .debug_macro   0x0000000000000000      0x1ec ./Core/Src/DWT_Delay.o
 .debug_macro   0x00000000000001ec      0xa78 ./Core/Src/DWT_Delay.o
 .debug_macro   0x0000000000000c64      0x29b ./Core/Src/DWT_Delay.o
 .debug_macro   0x0000000000000eff       0x2e ./Core/Src/DWT_Delay.o
 .debug_macro   0x0000000000000f2d       0x2f ./Core/Src/DWT_Delay.o
 .debug_macro   0x0000000000000f5c       0x22 ./Core/Src/DWT_Delay.o
 .debug_macro   0x0000000000000f7e       0x8e ./Core/Src/DWT_Delay.o
 .debug_macro   0x000000000000100c       0x51 ./Core/Src/DWT_Delay.o
 .debug_macro   0x000000000000105d      0x103 ./Core/Src/DWT_Delay.o
 .debug_macro   0x0000000000001160       0x6a ./Core/Src/DWT_Delay.o
 .debug_macro   0x00000000000011ca      0x1df ./Core/Src/DWT_Delay.o
 .debug_macro   0x00000000000013a9       0x1c ./Core/Src/DWT_Delay.o
 .debug_macro   0x00000000000013c5       0x22 ./Core/Src/DWT_Delay.o
 .debug_macro   0x00000000000013e7       0xd9 ./Core/Src/DWT_Delay.o
 .debug_macro   0x00000000000014c0     0x102d ./Core/Src/DWT_Delay.o
 .debug_macro   0x00000000000024ed      0x11f ./Core/Src/DWT_Delay.o
 .debug_macro   0x000000000000260c    0x15e82 ./Core/Src/DWT_Delay.o
 .debug_macro   0x000000000001848e       0x6d ./Core/Src/DWT_Delay.o
 .debug_macro   0x00000000000184fb     0x367e ./Core/Src/DWT_Delay.o
 .debug_macro   0x000000000001bb79      0x174 ./Core/Src/DWT_Delay.o
 .debug_macro   0x000000000001bced       0x5c ./Core/Src/DWT_Delay.o
 .debug_macro   0x000000000001bd49      0x96b ./Core/Src/DWT_Delay.o
 .debug_macro   0x000000000001c6b4      0x9fe ./Core/Src/DWT_Delay.o
 .debug_macro   0x000000000001d0b2      0x115 ./Core/Src/DWT_Delay.o
 .debug_macro   0x000000000001d1c7      0x13e ./Core/Src/DWT_Delay.o
 .debug_macro   0x000000000001d305       0xa5 ./Core/Src/DWT_Delay.o
 .debug_macro   0x000000000001d3aa      0x174 ./Core/Src/DWT_Delay.o
 .debug_macro   0x000000000001d51e      0x287 ./Core/Src/DWT_Delay.o
 .debug_macro   0x000000000001d7a5       0x5f ./Core/Src/DWT_Delay.o
 .debug_macro   0x000000000001d804      0x236 ./Core/Src/DWT_Delay.o
 .debug_macro   0x000000000001da3a      0xb5b ./Core/Src/DWT_Delay.o
 .debug_macro   0x000000000001e595      0x38b ./Core/Src/DWT_Delay.o
 .debug_macro   0x000000000001e920      0x176 ./Core/Src/DWT_Delay.o
 .debug_macro   0x000000000001ea96       0xf9 ./Core/Src/DWT_Delay.o
 .debug_macro   0x000000000001eb8f      0x12c ./Core/Src/DWT_Delay.o
 .debug_macro   0x000000000001ecbb      0x21e ./Core/Src/DWT_Delay.o
 .debug_macro   0x000000000001eed9       0x2e ./Core/Src/DWT_Delay.o
 .debug_macro   0x000000000001ef07      0x11a ./Core/Src/DWT_Delay.o
 .debug_macro   0x000000000001f021       0x7e ./Core/Src/DWT_Delay.o
 .debug_macro   0x000000000001f09f       0x89 ./Core/Src/DWT_Delay.o
 .debug_macro   0x000000000001f128      0x225 ./Core/Src/DWT_Delay.o
 .debug_macro   0x000000000001f34d      0x12d ./Core/Src/DWT_Delay.o
 .debug_macro   0x000000000001f47a      0x204 ./Core/Src/LCD16x2.o
 .debug_macro   0x000000000001f67e      0x1ec ./Core/Src/LCD16x2_cfg.o
 .debug_macro   0x000000000001f86a      0x1fb ./Core/Src/adc.o
 .debug_macro   0x000000000001fa65       0x64 ./Core/Src/adc.o
 .debug_macro   0x000000000001fac9      0x1fb ./Core/Src/gpio.o
 .debug_macro   0x000000000001fcc4      0x3b8 ./Core/Src/main.o
 .debug_macro   0x000000000002007c       0x52 ./Core/Src/main.o
 .debug_macro   0x00000000000200ce       0x1e ./Core/Src/main.o
 .debug_macro   0x00000000000200ec       0x3c ./Core/Src/main.o
 .debug_macro   0x0000000000020128       0x34 ./Core/Src/main.o
 .debug_macro   0x000000000002015c       0x16 ./Core/Src/main.o
 .debug_macro   0x0000000000020172       0x35 ./Core/Src/main.o
 .debug_macro   0x00000000000201a7      0x341 ./Core/Src/main.o
 .debug_macro   0x00000000000204e8       0x10 ./Core/Src/main.o
 .debug_macro   0x00000000000204f8       0x16 ./Core/Src/main.o
 .debug_macro   0x000000000002050e       0x43 ./Core/Src/main.o
 .debug_macro   0x0000000000020551       0x34 ./Core/Src/main.o
 .debug_macro   0x0000000000020585       0x10 ./Core/Src/main.o
 .debug_macro   0x0000000000020595       0x58 ./Core/Src/main.o
 .debug_macro   0x00000000000205ed       0x71 ./Core/Src/main.o
 .debug_macro   0x000000000002065e       0x1c ./Core/Src/main.o
 .debug_macro   0x000000000002067a      0x12a ./Core/Src/main.o
 .debug_macro   0x00000000000207a4       0x10 ./Core/Src/main.o
 .debug_macro   0x00000000000207b4       0x1c ./Core/Src/main.o
 .debug_macro   0x00000000000207d0       0x52 ./Core/Src/main.o
 .debug_macro   0x0000000000020822       0x22 ./Core/Src/main.o
 .debug_macro   0x0000000000020844       0x10 ./Core/Src/main.o
 .debug_macro   0x0000000000020854       0x52 ./Core/Src/main.o
 .debug_macro   0x00000000000208a6       0xd5 ./Core/Src/main.o
 .debug_macro   0x000000000002097b       0x1c ./Core/Src/main.o
 .debug_macro   0x0000000000020997       0x3d ./Core/Src/main.o
 .debug_macro   0x00000000000209d4       0x16 ./Core/Src/main.o
 .debug_macro   0x00000000000209ea      0x145 ./Core/Src/main.o
 .debug_macro   0x0000000000020b2f       0x52 ./Core/Src/main.o
 .debug_macro   0x0000000000020b81      0x154 ./Core/Src/main.o
 .debug_macro   0x0000000000020cd5      0x22d ./Core/Src/nrf24.o
 .debug_macro   0x0000000000020f02      0x218 ./Core/Src/nrf24_hal.o
 .debug_macro   0x000000000002111a      0x1fb ./Core/Src/spi.o
 .debug_macro   0x0000000000021315      0x1f1 ./Core/Src/stm32f4xx_hal_msp.o
 .debug_macro   0x0000000000021506      0x1fb ./Core/Src/stm32f4xx_it.o
 .debug_macro   0x0000000000021701       0xff ./Core/Src/sysmem.o
 .debug_macro   0x0000000000021800      0x23b ./Core/Src/sysmem.o
 .debug_macro   0x0000000000021a3b      0x1e2 ./Core/Src/system_stm32f4xx.o
 .debug_macro   0x0000000000021c1d      0x242 ./Drivers/STM32F4xx_HAL_Driver/Src/stm32f4xx_hal.o
 .debug_macro   0x0000000000021e5f      0x1e3 ./Drivers/STM32F4xx_HAL_Driver/Src/stm32f4xx_hal_adc.o
 .debug_macro   0x0000000000022042      0x1e2 ./Drivers/STM32F4xx_HAL_Driver/Src/stm32f4xx_hal_cortex.o
 .debug_macro   0x0000000000022224      0x1e8 ./Drivers/STM32F4xx_HAL_Driver/Src/stm32f4xx_hal_gpio.o
 .debug_macro   0x000000000002240c      0x206 ./Drivers/STM32F4xx_HAL_Driver/Src/stm32f4xx_hal_rcc.o
 .debug_macro   0x0000000000022612      0x1f1 ./Drivers/STM32F4xx_HAL_Driver/Src/stm32f4xx_hal_spi.o

.debug_line     0x0000000000000000     0xc1cd
 .debug_line    0x0000000000000000      0x6f0 ./Core/Src/DWT_Delay.o
 .debug_line    0x00000000000006f0      0x950 ./Core/Src/LCD16x2.o
 .debug_line    0x0000000000001040      0x6bd ./Core/Src/LCD16x2_cfg.o
 .debug_line    0x00000000000016fd      0x758 ./Core/Src/adc.o
 .debug_line    0x0000000000001e55      0x70e ./Core/Src/gpio.o
 .debug_line    0x0000000000002563      0x9b4 ./Core/Src/main.o
 .debug_line    0x0000000000002f17      0xbd3 ./Core/Src/nrf24.o
 .debug_line    0x0000000000003aea      0x731 ./Core/Src/nrf24_hal.o
 .debug_line    0x000000000000421b      0x74a ./Core/Src/spi.o
 .debug_line    0x0000000000004965      0x6d8 ./Core/Src/stm32f4xx_hal_msp.o
 .debug_line    0x000000000000503d      0x79b ./Core/Src/stm32f4xx_it.o
 .debug_line    0x00000000000057d8      0x4f4 ./Core/Src/sysmem.o
 .debug_line    0x0000000000005ccc      0x75a ./Core/Src/system_stm32f4xx.o
 .debug_line    0x0000000000006426       0x88 ./Core/Startup/startup_stm32f407vgtx.o
 .debug_line    0x00000000000064ae      0x9c0 ./Drivers/STM32F4xx_HAL_Driver/Src/stm32f4xx_hal.o
 .debug_line    0x0000000000006e6e     0x1236 ./Drivers/STM32F4xx_HAL_Driver/Src/stm32f4xx_hal_adc.o
 .debug_line    0x00000000000080a4      0xc6f ./Drivers/STM32F4xx_HAL_Driver/Src/stm32f4xx_hal_cortex.o
 .debug_line    0x0000000000008d13      0xb34 ./Drivers/STM32F4xx_HAL_Driver/Src/stm32f4xx_hal_gpio.o
 .debug_line    0x0000000000009847      0xd3c ./Drivers/STM32F4xx_HAL_Driver/Src/stm32f4xx_hal_rcc.o
 .debug_line    0x000000000000a583     0x1c4a ./Drivers/STM32F4xx_HAL_Driver/Src/stm32f4xx_hal_spi.o

.debug_str      0x0000000000000000    0xcfb70
 .debug_str     0x0000000000000000    0xc8169 ./Core/Src/DWT_Delay.o
                                      0xc83ec (size before relaxing)
 .debug_str     0x00000000000c8169      0x317 ./Core/Src/LCD16x2.o
                                      0xc86dc (size before relaxing)
 .debug_str     0x00000000000c8480       0x1a ./Core/Src/LCD16x2_cfg.o
                                      0xc83a7 (size before relaxing)
 .debug_str     0x00000000000c849a      0x5a4 ./Core/Src/adc.o
                                      0xc8a7a (size before relaxing)
 .debug_str     0x00000000000c8a3e       0x2c ./Core/Src/gpio.o
                                      0xc8608 (size before relaxing)
 .debug_str     0x00000000000c8a6a     0x4d55 ./Core/Src/main.o
                                      0xcd7c7 (size before relaxing)
 .debug_str     0x00000000000cd7bf      0x2ab ./Core/Src/nrf24.o
                                      0xc91b2 (size before relaxing)
 .debug_str     0x00000000000cda6a       0x68 ./Core/Src/nrf24_hal.o
                                      0xc8732 (size before relaxing)
 .debug_str     0x00000000000cdad2       0x4b ./Core/Src/spi.o
                                      0xc8a94 (size before relaxing)
 .debug_str     0x00000000000cdb1d       0x2c ./Core/Src/stm32f4xx_hal_msp.o
                                      0xc853d (size before relaxing)
 .debug_str     0x00000000000cdb49       0xc9 ./Core/Src/stm32f4xx_it.o
                                      0xc84c3 (size before relaxing)
 .debug_str     0x00000000000cdc12      0x4da ./Core/Src/sysmem.o
                                       0x5dd0 (size before relaxing)
 .debug_str     0x00000000000ce0ec       0xdb ./Core/Src/system_stm32f4xx.o
                                      0xc84c3 (size before relaxing)
 .debug_str     0x00000000000ce1c7       0x36 ./Core/Startup/startup_stm32f407vgtx.o
                                         0x7a (size before relaxing)
 .debug_str     0x00000000000ce1fd      0xaf8 ./Drivers/STM32F4xx_HAL_Driver/Src/stm32f4xx_hal.o
                                      0xc9047 (size before relaxing)
 .debug_str     0x00000000000cecf5      0x2a3 ./Drivers/STM32F4xx_HAL_Driver/Src/stm32f4xx_hal_adc.o
                                      0xc8ab0 (size before relaxing)
 .debug_str     0x00000000000cef98      0x347 ./Drivers/STM32F4xx_HAL_Driver/Src/stm32f4xx_hal_cortex.o
                                      0xc8d7a (size before relaxing)
 .debug_str     0x00000000000cf2df      0x121 ./Drivers/STM32F4xx_HAL_Driver/Src/stm32f4xx_hal_gpio.o
                                      0xc863e (size before relaxing)
 .debug_str     0x00000000000cf400      0x214 ./Drivers/STM32F4xx_HAL_Driver/Src/stm32f4xx_hal_rcc.o
                                      0xc88f7 (size before relaxing)
 .debug_str     0x00000000000cf614      0x55c ./Drivers/STM32F4xx_HAL_Driver/Src/stm32f4xx_hal_spi.o
                                      0xc8d87 (size before relaxing)

.comment        0x0000000000000000       0x50
 .comment       0x0000000000000000       0x50 ./Core/Src/DWT_Delay.o
                                         0x51 (size before relaxing)
 .comment       0x0000000000000050       0x51 ./Core/Src/LCD16x2.o
 .comment       0x0000000000000050       0x51 ./Core/Src/LCD16x2_cfg.o
 .comment       0x0000000000000050       0x51 ./Core/Src/adc.o
 .comment       0x0000000000000050       0x51 ./Core/Src/gpio.o
 .comment       0x0000000000000050       0x51 ./Core/Src/main.o
 .comment       0x0000000000000050       0x51 ./Core/Src/nrf24.o
 .comment       0x0000000000000050       0x51 ./Core/Src/nrf24_hal.o
 .comment       0x0000000000000050       0x51 ./Core/Src/spi.o
 .comment       0x0000000000000050       0x51 ./Core/Src/stm32f4xx_hal_msp.o
 .comment       0x0000000000000050       0x51 ./Core/Src/stm32f4xx_it.o
 .comment       0x0000000000000050       0x51 ./Core/Src/sysmem.o
 .comment       0x0000000000000050       0x51 ./Core/Src/system_stm32f4xx.o
 .comment       0x0000000000000050       0x51 ./Drivers/STM32F4xx_HAL_Driver/Src/stm32f4xx_hal.o
 .comment       0x0000000000000050       0x51 ./Drivers/STM32F4xx_HAL_Driver/Src/stm32f4xx_hal_adc.o
 .comment       0x0000000000000050       0x51 ./Drivers/STM32F4xx_HAL_Driver/Src/stm32f4xx_hal_cortex.o
 .comment       0x0000000000000050       0x51 ./Drivers/STM32F4xx_HAL_Driver/Src/stm32f4xx_hal_gpio.o
 .comment       0x0000000000000050       0x51 ./Drivers/STM32F4xx_HAL_Driver/Src/stm32f4xx_hal_rcc.o
 .comment       0x0000000000000050       0x51 ./Drivers/STM32F4xx_HAL_Driver/Src/stm32f4xx_hal_spi.o

.debug_frame    0x0000000000000000     0x25d0
 .debug_frame   0x0000000000000000       0x30 ./Core/Src/DWT_Delay.o
 .debug_frame   0x0000000000000030      0x184 ./Core/Src/LCD16x2.o
 .debug_frame   0x00000000000001b4       0x7c ./Core/Src/adc.o
 .debug_frame   0x0000000000000230       0x34 ./Core/Src/gpio.o
 .debug_frame   0x0000000000000264       0x68 ./Core/Src/main.o
 .debug_frame   0x00000000000002cc      0x44c ./Core/Src/nrf24.o
 .debug_frame   0x0000000000000718       0x50 ./Core/Src/nrf24_hal.o
 .debug_frame   0x0000000000000768       0x74 ./Core/Src/spi.o
 .debug_frame   0x00000000000007dc       0x38 ./Core/Src/stm32f4xx_hal_msp.o
 .debug_frame   0x0000000000000814      0x104 ./Core/Src/stm32f4xx_it.o
 .debug_frame   0x0000000000000918       0x34 ./Core/Src/sysmem.o
 .debug_frame   0x000000000000094c       0x58 ./Core/Src/system_stm32f4xx.o
 .debug_frame   0x00000000000009a4      0x374 ./Drivers/STM32F4xx_HAL_Driver/Src/stm32f4xx_hal.o
 .debug_frame   0x0000000000000d18      0x3fc ./Drivers/STM32F4xx_HAL_Driver/Src/stm32f4xx_hal_adc.o
 .debug_frame   0x0000000000001114      0x498 ./Drivers/STM32F4xx_HAL_Driver/Src/stm32f4xx_hal_cortex.o
 .debug_frame   0x00000000000015ac      0x14c ./Drivers/STM32F4xx_HAL_Driver/Src/stm32f4xx_hal_gpio.o
 .debug_frame   0x00000000000016f8      0x1f4 ./Drivers/STM32F4xx_HAL_Driver/Src/stm32f4xx_hal_rcc.o
 .debug_frame   0x00000000000018ec      0x824 ./Drivers/STM32F4xx_HAL_Driver/Src/stm32f4xx_hal_spi.o
 .debug_frame   0x0000000000002110       0x20 c:/st/stm32cubeide_1.12.0/stm32cubeide/plugins/com.st.stm32cube.ide.mcu.externaltools.gnu-tools-for-stm32.10.3-2021.10.win32_1.0.200.202301161003/tools/bin/../lib/gcc/arm-none-eabi/10.3.1/../../../../arm-none-eabi/lib/thumb/v7e-m+fp/hard\libc_nano.a(lib_a-errno.o)
 .debug_frame   0x0000000000002130       0x2c c:/st/stm32cubeide_1.12.0/stm32cubeide/plugins/com.st.stm32cube.ide.mcu.externaltools.gnu-tools-for-stm32.10.3-2021.10.win32_1.0.200.202301161003/tools/bin/../lib/gcc/arm-none-eabi/10.3.1/../../../../arm-none-eabi/lib/thumb/v7e-m+fp/hard\libc_nano.a(lib_a-init.o)
 .debug_frame   0x000000000000215c       0x20 c:/st/stm32cubeide_1.12.0/stm32cubeide/plugins/com.st.stm32cube.ide.mcu.externaltools.gnu-tools-for-stm32.10.3-2021.10.win32_1.0.200.202301161003/tools/bin/../lib/gcc/arm-none-eabi/10.3.1/../../../../arm-none-eabi/lib/thumb/v7e-m+fp/hard\libc_nano.a(lib_a-memset.o)
 .debug_frame   0x000000000000217c       0x6c c:/st/stm32cubeide_1.12.0/stm32cubeide/plugins/com.st.stm32cube.ide.mcu.externaltools.gnu-tools-for-stm32.10.3-2021.10.win32_1.0.200.202301161003/tools/bin/../lib/gcc/arm-none-eabi/10.3.1/../../../../arm-none-eabi/lib/thumb/v7e-m+fp/hard\libc_nano.a(lib_a-sprintf.o)
 .debug_frame   0x00000000000021e8       0x90 c:/st/stm32cubeide_1.12.0/stm32cubeide/plugins/com.st.stm32cube.ide.mcu.externaltools.gnu-tools-for-stm32.10.3-2021.10.win32_1.0.200.202301161003/tools/bin/../lib/gcc/arm-none-eabi/10.3.1/../../../../arm-none-eabi/lib/thumb/v7e-m+fp/hard\libc_nano.a(lib_a-nano-svfprintf.o)
 .debug_frame   0x0000000000002278       0x60 c:/st/stm32cubeide_1.12.0/stm32cubeide/plugins/com.st.stm32cube.ide.mcu.externaltools.gnu-tools-for-stm32.10.3-2021.10.win32_1.0.200.202301161003/tools/bin/../lib/gcc/arm-none-eabi/10.3.1/../../../../arm-none-eabi/lib/thumb/v7e-m+fp/hard\libc_nano.a(lib_a-nano-vfprintf_i.o)
 .debug_frame   0x00000000000022d8       0x28 c:/st/stm32cubeide_1.12.0/stm32cubeide/plugins/com.st.stm32cube.ide.mcu.externaltools.gnu-tools-for-stm32.10.3-2021.10.win32_1.0.200.202301161003/tools/bin/../lib/gcc/arm-none-eabi/10.3.1/../../../../arm-none-eabi/lib/thumb/v7e-m+fp/hard\libc_nano.a(lib_a-memcpy-stub.o)
 .debug_frame   0x0000000000002300       0x28 c:/st/stm32cubeide_1.12.0/stm32cubeide/plugins/com.st.stm32cube.ide.mcu.externaltools.gnu-tools-for-stm32.10.3-2021.10.win32_1.0.200.202301161003/tools/bin/../lib/gcc/arm-none-eabi/10.3.1/../../../../arm-none-eabi/lib/thumb/v7e-m+fp/hard\libc_nano.a(lib_a-memmove.o)
 .debug_frame   0x0000000000002328       0x38 c:/st/stm32cubeide_1.12.0/stm32cubeide/plugins/com.st.stm32cube.ide.mcu.externaltools.gnu-tools-for-stm32.10.3-2021.10.win32_1.0.200.202301161003/tools/bin/../lib/gcc/arm-none-eabi/10.3.1/../../../../arm-none-eabi/lib/thumb/v7e-m+fp/hard\libc_nano.a(lib_a-nano-freer.o)
 .debug_frame   0x0000000000002360       0x4c c:/st/stm32cubeide_1.12.0/stm32cubeide/plugins/com.st.stm32cube.ide.mcu.externaltools.gnu-tools-for-stm32.10.3-2021.10.win32_1.0.200.202301161003/tools/bin/../lib/gcc/arm-none-eabi/10.3.1/../../../../arm-none-eabi/lib/thumb/v7e-m+fp/hard\libc_nano.a(lib_a-nano-mallocr.o)
 .debug_frame   0x00000000000023ac       0x3c c:/st/stm32cubeide_1.12.0/stm32cubeide/plugins/com.st.stm32cube.ide.mcu.externaltools.gnu-tools-for-stm32.10.3-2021.10.win32_1.0.200.202301161003/tools/bin/../lib/gcc/arm-none-eabi/10.3.1/../../../../arm-none-eabi/lib/thumb/v7e-m+fp/hard\libc_nano.a(lib_a-nano-reallocr.o)
 .debug_frame   0x00000000000023e8       0x2c c:/st/stm32cubeide_1.12.0/stm32cubeide/plugins/com.st.stm32cube.ide.mcu.externaltools.gnu-tools-for-stm32.10.3-2021.10.win32_1.0.200.202301161003/tools/bin/../lib/gcc/arm-none-eabi/10.3.1/../../../../arm-none-eabi/lib/thumb/v7e-m+fp/hard\libc_nano.a(lib_a-sbrkr.o)
 .debug_frame   0x0000000000002414       0x30 c:/st/stm32cubeide_1.12.0/stm32cubeide/plugins/com.st.stm32cube.ide.mcu.externaltools.gnu-tools-for-stm32.10.3-2021.10.win32_1.0.200.202301161003/tools/bin/../lib/gcc/arm-none-eabi/10.3.1/../../../../arm-none-eabi/lib/thumb/v7e-m+fp/hard\libc_nano.a(lib_a-mlock.o)
 .debug_frame   0x0000000000002444       0x20 c:/st/stm32cubeide_1.12.0/stm32cubeide/plugins/com.st.stm32cube.ide.mcu.externaltools.gnu-tools-for-stm32.10.3-2021.10.win32_1.0.200.202301161003/tools/bin/../lib/gcc/arm-none-eabi/10.3.1/../../../../arm-none-eabi/lib/thumb/v7e-m+fp/hard\libc_nano.a(lib_a-nano-msizer.o)
 .debug_frame   0x0000000000002464       0x5c c:/st/stm32cubeide_1.12.0/stm32cubeide/plugins/com.st.stm32cube.ide.mcu.externaltools.gnu-tools-for-stm32.10.3-2021.10.win32_1.0.200.202301161003/tools/bin/../lib/gcc/arm-none-eabi/10.3.1/../../../../arm-none-eabi/lib/thumb/v7e-m+fp/hard\libc_nano.a(lib_a-reent.o)
 .debug_frame   0x00000000000024c0       0xb0 c:/st/stm32cubeide_1.12.0/stm32cubeide/plugins/com.st.stm32cube.ide.mcu.externaltools.gnu-tools-for-stm32.10.3-2021.10.win32_1.0.200.202301161003/tools/bin/../lib/gcc/arm-none-eabi/10.3.1/../../../../arm-none-eabi/lib/thumb/v7e-m+fp/hard\libc_nano.a(lib_a-lock.o)
 .debug_frame   0x0000000000002570       0x2c c:/st/stm32cubeide_1.12.0/stm32cubeide/plugins/com.st.stm32cube.ide.mcu.externaltools.gnu-tools-for-stm32.10.3-2021.10.win32_1.0.200.202301161003/tools/bin/../lib/gcc/arm-none-eabi/10.3.1/thumb/v7e-m+fp/hard\libgcc.a(_aeabi_uldivmod.o)
 .debug_frame   0x000000000000259c       0x34 c:/st/stm32cubeide_1.12.0/stm32cubeide/plugins/com.st.stm32cube.ide.mcu.externaltools.gnu-tools-for-stm32.10.3-2021.10.win32_1.0.200.202301161003/tools/bin/../lib/gcc/arm-none-eabi/10.3.1/thumb/v7e-m+fp/hard\libgcc.a(_udivmoddi4.o)
